RESULT: PASS
stage:      magic-string
command:    python <repo>\tooling\gates\run_gate.py magic-string <repo>\artifacts\gates\T11
started:    2026-08-30T08:57:15.3930775Z
ended:      2026-08-30T08:57:15.7679664Z
duration_s: 0.375
exit_code:  0

--- stdout ---
# Magic String Gate

- Status: **PASS**
- Project: `<repo>`
- Source files scanned: 69
- Blocking findings: 0
- Scan issues: 0
- Blocking kinds: colors, repeated, templates
- Configured exclusions: addons/gut/**

## Repeated Literals

- None

## Repeated Templates

- None

## Hard-coded Colors

- None

## Scan Issues

- None

--- stderr ---

