RESULT: PASS
stage:      parity-receipts
command:    python tooling/parity_receipt.py --all
started:    2026-09-14T15:02:24.3166481Z
ended:      2026-09-14T15:02:24.4307729Z
duration_s: 0.114
exit_code:  0

--- stdout ---
PARITY_RECEIPT_PASS artifacts\parity\AUTHORING_UX.md
PARITY_RECEIPT_PASS artifacts\parity\CLOSURE_F6.md
PARITY_RECEIPT_PASS artifacts\parity\DISTRIBUTION.md
PARITY_RECEIPT_PASS artifacts\parity\GATE_F5_2.md
PARITY_RECEIPT_PASS artifacts\parity\GATE_F5_3.md
PARITY_RECEIPT_PASS artifacts\parity\GATE_F5_4.md
PARITY_RECEIPT_PASS artifacts\parity\GATE_F5_5.md
PARITY_RECEIPT_PASS artifacts\parity\GATE_F6_0.md
PARITY_RECEIPT_PASS artifacts\parity\GATE_F6_1.md
PARITY_RECEIPT_PASS artifacts\parity\GATE_F6_2.md
PARITY_RECEIPT_PASS artifacts\parity\GATE_F6_3.md
PARITY_RECEIPT_PASS artifacts\parity\GATE_F6_4.md
PARITY_RECEIPT_PASS artifacts\parity\GATE_F6_5.md
PARITY_RECEIPT_PASS artifacts\parity\GATE_F6_6.md
PARITY_RECEIPT_PASS artifacts\parity\PERFORMANCE_F6.md
PARITY_RECEIPT_PASS artifacts\parity\TRACEABILITY_F6.md
PARITY_RECEIPTS: PASS 16 receipts

--- stderr ---

