RESULT: PASS
stage:      magic-string
command:    python tooling\gates\run_gate.py magic-string artifacts\gates\AUD-09
started:    2026-09-13T02:42:07.8290089Z
ended:      2026-09-13T02:42:16.8234707Z
duration_s: 8.994
exit_code:  0

--- stdout ---
# Magic String Gate

- Status: **PASS**
- Project: `<repo>`
- Source files scanned: 430
- Blocking findings: 0
- Scan issues: 0
- Blocking kinds: colors, repeated, templates
- Configured exclusions: addons/gut/**, docs/**

## Repeated Literals

- None

## Repeated Templates

- None

## Hard-coded Colors

- None

## Scan Issues

- None

--- stderr ---

