RESULT: PASS
stage:      magic-string
command:    python tooling\gates\run_gate.py magic-string artifacts\gates\GAS_ENGINE_FINAL
started:    2026-09-04T00:25:25.2704373Z
ended:      2026-09-04T00:25:35.6231862Z
duration_s: 10.353
exit_code:  0

--- stdout ---
# Magic String Gate

- Status: **PASS**
- Project: `<repo>`
- Source files scanned: 220
- Blocking findings: 0
- Scan issues: 0
- Blocking kinds: colors, repeated, templates
- Configured exclusions: addons/gut/**, docs/**

## Repeated Literals

- None

## Repeated Templates

- None

## Hard-coded Colors

- None

## Scan Issues

- None

--- stderr ---

