RESULT: FAIL
stage:      loc-gate
command:    python <repo>\tooling\gates\loc-gate.py --project-root <repo> --output <repo>\artifacts\gates\T1\loc.md --json-output <repo>\artifacts\gates\T1\loc.json
started:    2026-08-30T04:29:42.0405493Z
ended:      2026-08-30T04:29:42.2433946Z
duration_s: 0.203
exit_code:  1

--- stdout ---
# LOC and Structure Gate

- Status: **FAIL**
- Project: `<repo>`
- Source files scanned: 44
- Blocking findings: 5
- Scan issues: 0

## Violations

- addons/GodotGAS/components/ability_system_component.gd: file LOC 939 > 450
- addons/GodotGAS/editor/dashboard_tabs/attribute_sets_tab.gd: file LOC 761 > 450
- addons/GodotGAS/editor/dashboard_tabs/attribute_sets_tab.gd:635: _on_generate_script_pressed LOC 126 > 120 (lines 635-760)
- addons/GodotGAS/editor/dashboard_tabs/cue_manager_tab.gd: file LOC 554 > 450
- addons/GodotGAS/gameplay_tag/gameplay_tag_inspector_plugin.gd:29: _parse_property params 7 > 5

## Scan Issues

- None

--- stderr ---

