RESULT: PASS
stage:      duplication
command:    python C:\Users\Edward\Documents\Projectos\GAS_Engine\tooling\gates\run_gate.py duplication C:\Users\Edward\Documents\Projectos\GAS_Engine\artifacts\gates\full
started:    2026-09-02T17:50:40.2931942Z
ended:      2026-09-02T17:50:44.2651279Z
duration_s: 3.972
exit_code:  0

--- stdout ---
# Duplication Gate

- Status: **PASS**
- Project: `C:\Users\Edward\Documents\Projectos\GAS_Engine`
- Source files scanned: 281
- Blocking findings: 0
- Scan issues: 0
- Units scanned: 1075
- Units by language: gdscript 1045, powershell 4, python 26
- Findings: 334
- Elapsed: 3.813s
- Explicit default exclusions: tooling/gates/**
- Shape-only pairs not counted: 34 (identifier overlap < 0.55 or fewer than 3 identifiers)
- Pairs found but not listed, per-kind cap 250: structural 0, masked 0, behavioral 11443 (raise with --max-pairs)

## Structural

- 1.000 [executable]: `addons/GAS_Engine/abilities/tasks/ability_task_wait_ability_activated.gd:20-27:create` <-> `addons/GAS_Engine/abilities/tasks/ability_task_wait_ability_ended.gd:20-27:create`
- 1.000 [executable]: `addons/GAS_Engine/abilities/tasks/ability_task_wait_ability_activated.gd:20-27:create` <-> `addons/GAS_Engine/abilities/tasks/ability_task_wait_gameplay_effect_removed.gd:20-27:create`
- 1.000 [executable]: `addons/GAS_Engine/abilities/tasks/ability_task_wait_ability_activated.gd:20-27:create` <-> `addons/GAS_Engine/abilities/tasks/ability_task_wait_gameplay_effect_stack_change.gd:16-23:create`
- 1.000 [executable]: `addons/GAS_Engine/abilities/tasks/ability_task_wait_ability_activated.gd:30-37:create_matching` <-> `addons/GAS_Engine/abilities/tasks/ability_task_wait_ability_ended.gd:30-37:create_matching`
- 1.000 [executable]: `addons/GAS_Engine/abilities/tasks/ability_task_wait_ability_activated.gd:30-37:create_matching` <-> `addons/GAS_Engine/abilities/tasks/ability_task_wait_gameplay_effect_removed.gd:30-37:create_matching`
- 1.000 [executable]: `addons/GAS_Engine/abilities/tasks/ability_task_wait_ability_ended.gd:20-27:create` <-> `addons/GAS_Engine/abilities/tasks/ability_task_wait_gameplay_effect_removed.gd:20-27:create`
- 1.000 [executable]: `addons/GAS_Engine/abilities/tasks/ability_task_wait_ability_ended.gd:20-27:create` <-> `addons/GAS_Engine/abilities/tasks/ability_task_wait_gameplay_effect_stack_change.gd:16-23:create`
- 1.000 [executable]: `addons/GAS_Engine/abilities/tasks/ability_task_wait_ability_ended.gd:30-37:create_matching` <-> `addons/GAS_Engine/abilities/tasks/ability_task_wait_gameplay_effect_removed.gd:30-37:create_matching`
- 1.000 [executable]: `addons/GAS_Engine/abilities/tasks/ability_task_wait_attribute_change.gd:20-27:create` <-> `addons/GAS_Engine/abilities/tasks/ability_task_wait_tag_added.gd:19-26:create`
- 1.000 [executable]: `addons/GAS_Engine/abilities/tasks/ability_task_wait_attribute_change.gd:20-27:create` <-> `addons/GAS_Engine/abilities/tasks/ability_task_wait_tag_removed.gd:17-24:create`
- 1.000 [executable]: `addons/GAS_Engine/abilities/tasks/ability_task_wait_gameplay_effect_removed.gd:20-27:create` <-> `addons/GAS_Engine/abilities/tasks/ability_task_wait_gameplay_effect_stack_change.gd:16-23:create`
- 1.000 [executable]: `addons/GAS_Engine/abilities/tasks/ability_task_wait_tag_added.gd:19-26:create` <-> `addons/GAS_Engine/abilities/tasks/ability_task_wait_tag_removed.gd:17-24:create`
- 1.000 [executable]: `addons/GAS_Engine/effects/components/gameplay_effect_component_removal_context.gd:1-15:<file>` <-> `addons/GAS_Engine/effects/components/gameplay_effect_component_runtime_context.gd:1-17:<file>`
- 1.000 [executable]: `addons/GAS_Engine/targeting/gameplay_overlap_request_2d.gd:1-44:<file>` <-> `addons/GAS_Engine/targeting/gameplay_overlap_request_3d.gd:1-42:<file>`
- 1.000 [executable]: `addons/GAS_Engine/targeting/gameplay_raycast_request_2d.gd:1-24:<file>` <-> `addons/GAS_Engine/targeting/gameplay_raycast_request_3d.gd:1-24:<file>`
- 1.000 [executable]: `addons/GAS_Engine/targeting/gameplay_targeting_service.gd:22-36:raycast_2d` <-> `addons/GAS_Engine/targeting/gameplay_targeting_service.gd:39-53:raycast_3d`
- 1.000 [fixture_data]: `test/fixtures/test_effect_factory.gd:364-372:apply` <-> `test/fixtures/test_effect_factory.gd:377-385:apply_result`
- 1.000 [executable]: `test/unit/test_targeting_2d.gd:110-117:_sweep` <-> `test/unit/test_targeting_3d.gd:109-116:_sweep`
- 1.000 [executable]: `test/unit/test_targeting_2d.gd:151-159:test_a_trace_keeps_the_point_and_the_normal_physics_gave_it` <-> `test/unit/test_targeting_3d.gd:149-157:test_a_trace_keeps_the_point_and_the_normal_physics_gave_it`
- 1.000 [executable]: `test/unit/test_targeting_2d.gd:179-186:test_a_sweep_stops_at_the_limit_it_was_given` <-> `test/unit/test_targeting_3d.gd:177-184:test_a_sweep_stops_at_the_limit_it_was_given`
- 1.000 [executable]: `test/unit/test_targeting_2d.gd:200-219:test_a_tag_rule_keeps_out_whoever_does_not_qualify` <-> `test/unit/test_targeting_3d.gd:198-217:test_a_tag_rule_keeps_out_whoever_does_not_qualify`

## Masked

- 1.000 [executable]: `addons/GAS_Engine/abilities/ability_lifecycle_runtime.gd:52-69:_translate` <-> `addons/GAS_Engine/effects/gameplay_effect_evaluator.gd:154-169:_translate_magnitude_status`
- 1.000 [executable]: `addons/GAS_Engine/abilities/ability_lifecycle_runtime.gd:52-69:_translate` <-> `addons/GAS_Engine/magnitudes/gameplay_attribute_based_magnitude.gd:55-64:_translate`
- 1.000 [executable]: `addons/GAS_Engine/abilities/tasks/ability_task_wait_ability_activated.gd:20-27:create` <-> `addons/GAS_Engine/abilities/tasks/ability_task_wait_ability_activated.gd:30-37:create_matching`
- 1.000 [executable]: `addons/GAS_Engine/abilities/tasks/ability_task_wait_ability_activated.gd:20-27:create` <-> `addons/GAS_Engine/abilities/tasks/ability_task_wait_ability_ended.gd:30-37:create_matching`
- 1.000 [executable]: `addons/GAS_Engine/abilities/tasks/ability_task_wait_ability_activated.gd:20-27:create` <-> `addons/GAS_Engine/abilities/tasks/ability_task_wait_attribute_change.gd:20-27:create`
- 1.000 [executable]: `addons/GAS_Engine/abilities/tasks/ability_task_wait_ability_activated.gd:20-27:create` <-> `addons/GAS_Engine/abilities/tasks/ability_task_wait_gameplay_effect_removed.gd:30-37:create_matching`
- 1.000 [executable]: `addons/GAS_Engine/abilities/tasks/ability_task_wait_ability_activated.gd:20-27:create` <-> `addons/GAS_Engine/abilities/tasks/ability_task_wait_tag_added.gd:19-26:create`
- 1.000 [executable]: `addons/GAS_Engine/abilities/tasks/ability_task_wait_ability_activated.gd:20-27:create` <-> `addons/GAS_Engine/abilities/tasks/ability_task_wait_tag_removed.gd:17-24:create`
- 1.000 [executable]: `addons/GAS_Engine/abilities/tasks/ability_task_wait_ability_activated.gd:30-37:create_matching` <-> `addons/GAS_Engine/abilities/tasks/ability_task_wait_ability_ended.gd:20-27:create`
- 1.000 [executable]: `addons/GAS_Engine/abilities/tasks/ability_task_wait_ability_activated.gd:30-37:create_matching` <-> `addons/GAS_Engine/abilities/tasks/ability_task_wait_attribute_change.gd:20-27:create`
- 1.000 [executable]: `addons/GAS_Engine/abilities/tasks/ability_task_wait_ability_activated.gd:30-37:create_matching` <-> `addons/GAS_Engine/abilities/tasks/ability_task_wait_gameplay_effect_removed.gd:20-27:create`
- 1.000 [executable]: `addons/GAS_Engine/abilities/tasks/ability_task_wait_ability_activated.gd:30-37:create_matching` <-> `addons/GAS_Engine/abilities/tasks/ability_task_wait_gameplay_effect_stack_change.gd:16-23:create`
- 1.000 [executable]: `addons/GAS_Engine/abilities/tasks/ability_task_wait_ability_activated.gd:30-37:create_matching` <-> `addons/GAS_Engine/abilities/tasks/ability_task_wait_tag_added.gd:19-26:create`
- 1.000 [executable]: `addons/GAS_Engine/abilities/tasks/ability_task_wait_ability_activated.gd:30-37:create_matching` <-> `addons/GAS_Engine/abilities/tasks/ability_task_wait_tag_removed.gd:17-24:create`
- 1.000 [executable]: `addons/GAS_Engine/abilities/tasks/ability_task_wait_ability_ended.gd:20-27:create` <-> `addons/GAS_Engine/abilities/tasks/ability_task_wait_ability_ended.gd:30-37:create_matching`
- 1.000 [executable]: `addons/GAS_Engine/abilities/tasks/ability_task_wait_ability_ended.gd:20-27:create` <-> `addons/GAS_Engine/abilities/tasks/ability_task_wait_attribute_change.gd:20-27:create`
- 1.000 [executable]: `addons/GAS_Engine/abilities/tasks/ability_task_wait_ability_ended.gd:20-27:create` <-> `addons/GAS_Engine/abilities/tasks/ability_task_wait_gameplay_effect_removed.gd:30-37:create_matching`
- 1.000 [executable]: `addons/GAS_Engine/abilities/tasks/ability_task_wait_ability_ended.gd:20-27:create` <-> `addons/GAS_Engine/abilities/tasks/ability_task_wait_tag_added.gd:19-26:create`
- 1.000 [executable]: `addons/GAS_Engine/abilities/tasks/ability_task_wait_ability_ended.gd:20-27:create` <-> `addons/GAS_Engine/abilities/tasks/ability_task_wait_tag_removed.gd:17-24:create`
- 1.000 [executable]: `addons/GAS_Engine/abilities/tasks/ability_task_wait_ability_ended.gd:30-37:create_matching` <-> `addons/GAS_Engine/abilities/tasks/ability_task_wait_attribute_change.gd:20-27:create`
- 1.000 [executable]: `addons/GAS_Engine/abilities/tasks/ability_task_wait_ability_ended.gd:30-37:create_matching` <-> `addons/GAS_Engine/abilities/tasks/ability_task_wait_gameplay_effect_removed.gd:20-27:create`
- 1.000 [executable]: `addons/GAS_Engine/abilities/tasks/ability_task_wait_ability_ended.gd:30-37:create_matching` <-> `addons/GAS_Engine/abilities/tasks/ability_task_wait_gameplay_effect_stack_change.gd:16-23:create`
- 1.000 [executable]: `addons/GAS_Engine/abilities/tasks/ability_task_wait_ability_ended.gd:30-37:create_matching` <-> `addons/GAS_Engine/abilities/tasks/ability_task_wait_tag_added.gd:19-26:create`
- 1.000 [executable]: `addons/GAS_Engine/abilities/tasks/ability_task_wait_ability_ended.gd:30-37:create_matching` <-> `addons/GAS_Engine/abilities/tasks/ability_task_wait_tag_removed.gd:17-24:create`
- 1.000 [executable]: `addons/GAS_Engine/abilities/tasks/ability_task_wait_attribute_change.gd:20-27:create` <-> `addons/GAS_Engine/abilities/tasks/ability_task_wait_gameplay_effect_removed.gd:20-27:create`
- 1.000 [executable]: `addons/GAS_Engine/abilities/tasks/ability_task_wait_attribute_change.gd:20-27:create` <-> `addons/GAS_Engine/abilities/tasks/ability_task_wait_gameplay_effect_removed.gd:30-37:create_matching`
- 1.000 [executable]: `addons/GAS_Engine/abilities/tasks/ability_task_wait_attribute_change.gd:20-27:create` <-> `addons/GAS_Engine/abilities/tasks/ability_task_wait_gameplay_effect_stack_change.gd:16-23:create`
- 1.000 [executable]: `addons/GAS_Engine/abilities/tasks/ability_task_wait_confirm_cancel.gd:24-31:create` <-> `addons/GAS_Engine/cues/gameplay_cue_params.gd:57-65:for_target`
- 1.000 [executable]: `addons/GAS_Engine/abilities/tasks/ability_task_wait_gameplay_effect_removed.gd:20-27:create` <-> `addons/GAS_Engine/abilities/tasks/ability_task_wait_gameplay_effect_removed.gd:30-37:create_matching`
- 1.000 [executable]: `addons/GAS_Engine/abilities/tasks/ability_task_wait_gameplay_effect_removed.gd:20-27:create` <-> `addons/GAS_Engine/abilities/tasks/ability_task_wait_tag_added.gd:19-26:create`
- 1.000 [executable]: `addons/GAS_Engine/abilities/tasks/ability_task_wait_gameplay_effect_removed.gd:20-27:create` <-> `addons/GAS_Engine/abilities/tasks/ability_task_wait_tag_removed.gd:17-24:create`
- 1.000 [executable]: `addons/GAS_Engine/abilities/tasks/ability_task_wait_gameplay_effect_removed.gd:30-37:create_matching` <-> `addons/GAS_Engine/abilities/tasks/ability_task_wait_gameplay_effect_stack_change.gd:16-23:create`
- 1.000 [executable]: `addons/GAS_Engine/abilities/tasks/ability_task_wait_gameplay_effect_removed.gd:30-37:create_matching` <-> `addons/GAS_Engine/abilities/tasks/ability_task_wait_tag_added.gd:19-26:create`
- 1.000 [executable]: `addons/GAS_Engine/abilities/tasks/ability_task_wait_gameplay_effect_removed.gd:30-37:create_matching` <-> `addons/GAS_Engine/abilities/tasks/ability_task_wait_tag_removed.gd:17-24:create`
- 1.000 [executable]: `addons/GAS_Engine/abilities/tasks/ability_task_wait_gameplay_effect_stack_change.gd:16-23:create` <-> `addons/GAS_Engine/abilities/tasks/ability_task_wait_tag_added.gd:19-26:create`
- 1.000 [executable]: `addons/GAS_Engine/abilities/tasks/ability_task_wait_gameplay_effect_stack_change.gd:16-23:create` <-> `addons/GAS_Engine/abilities/tasks/ability_task_wait_tag_removed.gd:17-24:create`
- 1.000 [executable]: `addons/GAS_Engine/effects/gameplay_effect_evaluator.gd:154-169:_translate_magnitude_status` <-> `addons/GAS_Engine/magnitudes/gameplay_attribute_based_magnitude.gd:55-64:_translate`
- 1.000 [executable]: `test/unit/test_ability_task_library.gd:263-280:test_wait_ability_activated_matches_by_handle` <-> `test/unit/test_ability_task_library.gd:305-319:test_wait_ability_ended_matches_by_handle`
- 1.000 [executable]: `test/unit/test_gameplay_effect_stacking.gd:243-254:_duration_policy_cases` <-> `test/unit/test_gameplay_effect_stacking.gd:275-286:_period_policy_cases`
- 0.964 [executable]: `addons/GAS_Engine/effects/gameplay_effect_component_runtime.gd:120-142:_notify_runtime` <-> `addons/GAS_Engine/effects/gameplay_effect_component_runtime.gd:145-164:notify_removed`
- 0.957 [executable]: `test/unit/test_attribute_captures.gd:72-81:SnapshotCase._init` <-> `test/unit/test_gameplay_magnitudes.gd:93-102:SnapshotActorCase._init`
- 0.944 [executable]: `test/unit/test_gameplay_effect_stacking.gd:336-353:test_the_three_expiration_policies_govern_what_survives` <-> `test/unit/test_gameplay_effect_stacking.gd:356-371:test_turn_based_expiration_uses_remaining_turns_not_seconds`
- 0.933 [executable]: `test/unit/test_targeting_2d.gd:259-268:test_a_sweep_is_not_capped_by_the_ceiling_nobody_wrote` <-> `test/unit/test_targeting_3d.gd:242-251:test_a_sweep_is_not_capped_by_the_ceiling_nobody_wrote`
- 0.931 [executable]: `test/unit/test_smoke.gd:107-136:test_legacy_default_paths_migrate_to_gas_engine_defaults` <-> `test/unit/test_smoke.gd:139-165:test_legacy_custom_path_is_preserved_during_namespace_migration`
- 0.925 [executable]: `test/unit/test_ability_task_library.gd:285-301:test_wait_ability_ended_matches_by_tag_query` <-> `test/unit/test_ability_task_library.gd:323-339:test_wait_ability_activated_matches_by_tag_query`
- 0.922 [executable]: `test/unit/test_gameplay_effect_inhibition.gd:215-231:_periodic_policy_cases` <-> `test/unit/test_gameplay_effect_stacking.gd:243-254:_duration_policy_cases`
- 0.922 [executable]: `test/unit/test_gameplay_effect_inhibition.gd:215-231:_periodic_policy_cases` <-> `test/unit/test_gameplay_effect_stacking.gd:275-286:_period_policy_cases`
- 0.907 [executable]: `addons/GAS_Engine/abilities/tasks/ability_task_wait_ability_activated.gd:20-27:create` <-> `addons/GAS_Engine/abilities/tasks/ability_task_wait_tag_query.gd:18-29:create`
- 0.907 [executable]: `addons/GAS_Engine/abilities/tasks/ability_task_wait_ability_activated.gd:30-37:create_matching` <-> `addons/GAS_Engine/abilities/tasks/ability_task_wait_tag_query.gd:18-29:create`
- 0.907 [executable]: `addons/GAS_Engine/abilities/tasks/ability_task_wait_ability_ended.gd:20-27:create` <-> `addons/GAS_Engine/abilities/tasks/ability_task_wait_tag_query.gd:18-29:create`
- 0.907 [executable]: `addons/GAS_Engine/abilities/tasks/ability_task_wait_ability_ended.gd:30-37:create_matching` <-> `addons/GAS_Engine/abilities/tasks/ability_task_wait_tag_query.gd:18-29:create`
- 0.907 [executable]: `addons/GAS_Engine/abilities/tasks/ability_task_wait_attribute_change.gd:20-27:create` <-> `addons/GAS_Engine/abilities/tasks/ability_task_wait_tag_query.gd:18-29:create`
- 0.907 [executable]: `addons/GAS_Engine/abilities/tasks/ability_task_wait_gameplay_effect_removed.gd:20-27:create` <-> `addons/GAS_Engine/abilities/tasks/ability_task_wait_tag_query.gd:18-29:create`
- 0.907 [executable]: `addons/GAS_Engine/abilities/tasks/ability_task_wait_gameplay_effect_removed.gd:30-37:create_matching` <-> `addons/GAS_Engine/abilities/tasks/ability_task_wait_tag_query.gd:18-29:create`
- 0.907 [executable]: `addons/GAS_Engine/abilities/tasks/ability_task_wait_gameplay_effect_stack_change.gd:16-23:create` <-> `addons/GAS_Engine/abilities/tasks/ability_task_wait_tag_query.gd:18-29:create`
- 0.907 [executable]: `addons/GAS_Engine/abilities/tasks/ability_task_wait_tag_added.gd:19-26:create` <-> `addons/GAS_Engine/abilities/tasks/ability_task_wait_tag_query.gd:18-29:create`
- 0.907 [executable]: `addons/GAS_Engine/abilities/tasks/ability_task_wait_tag_query.gd:18-29:create` <-> `addons/GAS_Engine/abilities/tasks/ability_task_wait_tag_removed.gd:17-24:create`
- 0.903 [executable]: `test/unit/test_ability_activation_policies.gd:109-117:test_passive_waits_for_its_required_tag` <-> `test/unit/test_ability_activation_policies.gd:132-144:test_passive_restarts_once_conditions_are_satisfied_again`
- 0.898 [executable]: `addons/GAS_Engine/targeting/gameplay_targeting_service.gd:58-79:overlap_2d` <-> `addons/GAS_Engine/targeting/gameplay_targeting_service.gd:82-103:overlap_3d`
- 0.893 [executable]: `test/unit/test_gameplay_live_magnitudes.gd:55-67:test_live_instant_resolves_fresh_each_time_without_a_binding` <-> `test/unit/test_gameplay_live_magnitudes.gd:140-151:test_snapshot_persistent_contribution_does_not_change`
- 0.875 [executable]: `test/unit/test_ability_tag_semantics.gd:101-113:test_activating_an_ability_cancels_others_matching_its_cancel_query` <-> `test/unit/test_ability_tag_semantics.gd:189-202:test_a_cancel_ability_tags_effect_cancels_matching_active_abilities`
- 0.868 [executable]: `test/unit/test_ability_lifecycle.gd:130-139:test_cancel_immediately_aborts_a_running_instance_and_drops_the_spec` <-> `test/unit/test_ability_lifecycle.gd:142-156:test_after_active_end_lets_a_running_instance_finish_first`
- 0.865 [executable]: `addons/GAS_Engine/abilities/tasks/ability_task_factory.gd:31-43:wait_attribute_threshold` <-> `addons/GAS_Engine/abilities/tasks/ability_task_factory.gd:164-172:play_animation_and_wait`

## Behavioral

- 1.000 [executable]: `addons/GAS_Engine/abilities/costs/gameplay_ability_cost.gd:1-35:<file>` <-> `addons/GAS_Engine/effects/gameplay_attribute_capture_definition.gd:1-36:<file>`
- 1.000 [executable]: `addons/GAS_Engine/abilities/costs/gameplay_ability_cost.gd:1-35:<file>` <-> `addons/GAS_Engine/integrations/dialogic/dialogic_gas_command.gd:1-30:<file>`
- 1.000 [executable]: `addons/GAS_Engine/abilities/costs/gameplay_resolved_cost_entry.gd:1-24:<file>` <-> `addons/GAS_Engine/targeting/gameplay_raycast_request_2d.gd:1-24:<file>`
- 1.000 [executable]: `addons/GAS_Engine/abilities/costs/gameplay_resolved_cost_entry.gd:1-24:<file>` <-> `addons/GAS_Engine/targeting/gameplay_raycast_request_3d.gd:1-24:<file>`
- 1.000 [executable]: `addons/GAS_Engine/abilities/gameplay_ability_event_trigger.gd:19-26:for_tag` <-> `addons/GAS_Engine/abilities/tasks/ability_task_play_animation_and_wait.gd:18-29:create`
- 1.000 [executable]: `addons/GAS_Engine/abilities/gameplay_ability_event_trigger.gd:19-26:for_tag` <-> `test/fixtures/test_effect_factory.gd:298-305:conditional_effect`
- 1.000 [executable]: `addons/GAS_Engine/abilities/gameplay_ability_event_trigger.gd:19-26:for_tag` <-> `test/fixtures/test_effect_factory.gd:96-104:turn_based`
- 1.000 [executable]: `addons/GAS_Engine/abilities/gameplay_ability_event_trigger.gd:19-26:for_tag` <-> `test/unit/test_attribute_evaluation.gd:58-65:_request`
- 1.000 [executable]: `addons/GAS_Engine/abilities/gameplay_ability_event_trigger.gd:19-26:for_tag` <-> `test/unit/test_gameplay_ability_cost_resolver.gd:42-51:_percent_of_current`
- 1.000 [executable]: `addons/GAS_Engine/abilities/gameplay_ability_event_trigger.gd:19-26:for_tag` <-> `test/unit/test_quest_system_bridge.gd:71-78:_binding`
- 1.000 [executable]: `addons/GAS_Engine/abilities/gameplay_ability_event_trigger.gd:19-26:for_tag` <-> `test/unit/test_refusal_statuses.gd:37-44:_cost`
- 1.000 [executable]: `addons/GAS_Engine/abilities/tasks/ability_task_play_animation_and_wait.gd:18-29:create` <-> `test/fixtures/test_effect_factory.gd:298-305:conditional_effect`
- 1.000 [executable]: `addons/GAS_Engine/abilities/tasks/ability_task_play_animation_and_wait.gd:18-29:create` <-> `test/fixtures/test_effect_factory.gd:96-104:turn_based`
- 1.000 [executable]: `addons/GAS_Engine/abilities/tasks/ability_task_play_animation_and_wait.gd:18-29:create` <-> `test/unit/test_attribute_evaluation.gd:58-65:_request`
- 1.000 [executable]: `addons/GAS_Engine/abilities/tasks/ability_task_play_animation_and_wait.gd:18-29:create` <-> `test/unit/test_gameplay_ability_cost_resolver.gd:42-51:_percent_of_current`
- 1.000 [executable]: `addons/GAS_Engine/abilities/tasks/ability_task_play_animation_and_wait.gd:18-29:create` <-> `test/unit/test_quest_system_bridge.gd:71-78:_binding`
- 1.000 [executable]: `addons/GAS_Engine/abilities/tasks/ability_task_play_animation_and_wait.gd:18-29:create` <-> `test/unit/test_refusal_statuses.gd:37-44:_cost`
- 1.000 [executable]: `addons/GAS_Engine/abilities/tasks/ability_task_wait_confirm_cancel.gd:24-31:create` <-> `addons/GAS_Engine/effects/components/gameplay_effect_component_validation_result.gd:28-35:invalid`
- 1.000 [executable]: `addons/GAS_Engine/abilities/tasks/ability_task_wait_confirm_cancel.gd:24-31:create` <-> `test/fixtures/composer_sample_graph.gd:80-87:_port`
- 1.000 [executable]: `addons/GAS_Engine/abilities/tasks/ability_task_wait_confirm_cancel.gd:24-31:create` <-> `test/fixtures/test_effect_factory.gd:288-295:with_stack_clock_policies`
- 1.000 [executable]: `addons/GAS_Engine/abilities/tasks/ability_task_wait_confirm_cancel.gd:24-31:create` <-> `test/fixtures/test_effect_factory.gd:61-68:duration`
- 1.000 [executable]: `addons/GAS_Engine/abilities/tasks/ability_task_wait_confirm_cancel.gd:24-31:create` <-> `test/unit/test_composer_graph.gd:33-40:_diagnostic`
- 1.000 [executable]: `addons/GAS_Engine/cues/gameplay_cue_params.gd:57-65:for_target` <-> `test/fixtures/composer_sample_graph.gd:106-114:wire`
- 1.000 [executable]: `addons/GAS_Engine/cues/gameplay_cue_params.gd:57-65:for_target` <-> `test/fixtures/test_effect_factory.gd:257-266:stacked`
- 1.000 [executable]: `addons/GAS_Engine/cues/gameplay_cue_params.gd:57-65:for_target` <-> `test/fixtures/test_effect_factory.gd:269-278:with_overflow_effects`
- 1.000 [executable]: `addons/GAS_Engine/cues/gameplay_cue_params.gd:57-65:for_target` <-> `test/unit/test_composer_graph.gd:22-30:_field`
- 0.941 [executable]: `addons/GAS_Engine/editor/attribute_set_script_writer.gd:62-69:write` <-> `test/unit/test_attribute_drafts.gd:145-154:test_a_mutation_reaches_disk_and_reads_back`
- 0.933 [executable]: `addons/GAS_Engine/editor/attribute_icons.gd:55-62:fill_popup` <-> `addons/GAS_Engine/editor/runtime/gas_attribute_snapshot.gd:38-45:capture_all`
- 0.929 [executable]: `addons/GAS_Engine/attributes/gameplay_attribute_runtime.gd:251-273:recompose` <-> `addons/GAS_Engine/attributes/gameplay_attribute_runtime.gd:384-409:commit_base_write`
- 0.923 [executable]: `addons/GAS_Engine/attributes/gameplay_attribute_runtime.gd:348-357:_stage_clamped` <-> `test/unit/test_targeting_2d.gd:110-117:_sweep`
- 0.923 [executable]: `addons/GAS_Engine/attributes/gameplay_attribute_runtime.gd:348-357:_stage_clamped` <-> `test/unit/test_targeting_3d.gd:109-116:_sweep`
- 0.917 [executable]: `addons/GAS_Engine/abilities/tasks/ability_task_repeat.gd:28-35:create` <-> `test/unit/test_targeting_2d.gd:110-117:_sweep`
- 0.917 [executable]: `addons/GAS_Engine/abilities/tasks/ability_task_repeat.gd:28-35:create` <-> `test/unit/test_targeting_3d.gd:109-116:_sweep`
- 0.909 [executable]: `addons/GAS_Engine/abilities/gameplay_ability_event_trigger.gd:19-26:for_tag` <-> `test/fixtures/test_effect_factory.gd:392-403:capture_definition`
- 0.909 [executable]: `addons/GAS_Engine/abilities/gameplay_ability_event_trigger.gd:19-26:for_tag` <-> `test/unit/test_gameplay_effect_components.gd:185-194:_refusal_stage_cases`
- 0.909 [executable]: `addons/GAS_Engine/abilities/tasks/ability_task_factory.gd:75-85:wait_gameplay_effect_applied` <-> `test/unit/test_composer_layout.gd:33-41:_node`
- 0.909 [executable]: `addons/GAS_Engine/abilities/tasks/ability_task_play_animation_and_wait.gd:18-29:create` <-> `test/fixtures/test_effect_factory.gd:392-403:capture_definition`
- 0.909 [executable]: `addons/GAS_Engine/abilities/tasks/ability_task_play_animation_and_wait.gd:18-29:create` <-> `test/unit/test_gameplay_effect_components.gd:185-194:_refusal_stage_cases`
- 0.909 [executable]: `addons/GAS_Engine/editor/composer/composer_canvas.gd:44-60:_ready` <-> `test/unit/test_ability_task_library.gd:143-162:test_wait_tag_query_nested_expression`
- 0.900 [executable]: `addons/GAS_Engine/abilities/gameplay_ability_event_trigger.gd:19-26:for_tag` <-> `addons/GAS_Engine/cues/gameplay_cue_params.gd:57-65:for_target`
- 0.900 [executable]: `addons/GAS_Engine/abilities/gameplay_ability_event_trigger.gd:19-26:for_tag` <-> `test/fixtures/composer_sample_graph.gd:106-114:wire`
- 0.900 [executable]: `addons/GAS_Engine/abilities/gameplay_ability_event_trigger.gd:19-26:for_tag` <-> `test/fixtures/test_effect_factory.gd:257-266:stacked`
- 0.900 [executable]: `addons/GAS_Engine/abilities/gameplay_ability_event_trigger.gd:19-26:for_tag` <-> `test/fixtures/test_effect_factory.gd:269-278:with_overflow_effects`
- 0.900 [executable]: `addons/GAS_Engine/abilities/gameplay_ability_event_trigger.gd:19-26:for_tag` <-> `test/unit/test_composer_graph.gd:22-30:_field`
- 0.900 [executable]: `addons/GAS_Engine/abilities/tasks/ability_task_factory.gd:62-70:wait_tag_query` <-> `addons/GAS_Engine/abilities/tasks/ability_task_factory.gd:75-85:wait_gameplay_effect_applied`
- 0.900 [executable]: `addons/GAS_Engine/abilities/tasks/ability_task_play_animation_and_wait.gd:18-29:create` <-> `addons/GAS_Engine/cues/gameplay_cue_params.gd:57-65:for_target`
- 0.900 [executable]: `addons/GAS_Engine/abilities/tasks/ability_task_play_animation_and_wait.gd:18-29:create` <-> `test/fixtures/composer_sample_graph.gd:106-114:wire`
- 0.900 [executable]: `addons/GAS_Engine/abilities/tasks/ability_task_play_animation_and_wait.gd:18-29:create` <-> `test/fixtures/test_effect_factory.gd:257-266:stacked`
- 0.900 [executable]: `addons/GAS_Engine/abilities/tasks/ability_task_play_animation_and_wait.gd:18-29:create` <-> `test/fixtures/test_effect_factory.gd:269-278:with_overflow_effects`
- 0.900 [executable]: `addons/GAS_Engine/abilities/tasks/ability_task_play_animation_and_wait.gd:18-29:create` <-> `test/unit/test_composer_graph.gd:22-30:_field`
- 0.900 [executable]: `addons/GAS_Engine/attributes/gameplay_attribute_runtime.gd:151-171:evaluate` <-> `addons/GAS_Engine/attributes/gameplay_attribute_runtime.gd:384-409:commit_base_write`
- 0.900 [executable]: `addons/GAS_Engine/cues/gameplay_cue_params.gd:57-65:for_target` <-> `test/fixtures/test_effect_factory.gd:298-305:conditional_effect`
- 0.900 [executable]: `addons/GAS_Engine/cues/gameplay_cue_params.gd:57-65:for_target` <-> `test/fixtures/test_effect_factory.gd:96-104:turn_based`
- 0.900 [executable]: `addons/GAS_Engine/cues/gameplay_cue_params.gd:57-65:for_target` <-> `test/unit/test_attribute_evaluation.gd:58-65:_request`
- 0.900 [executable]: `addons/GAS_Engine/cues/gameplay_cue_params.gd:57-65:for_target` <-> `test/unit/test_gameplay_ability_cost_resolver.gd:42-51:_percent_of_current`
- 0.900 [executable]: `addons/GAS_Engine/cues/gameplay_cue_params.gd:57-65:for_target` <-> `test/unit/test_quest_system_bridge.gd:71-78:_binding`
- 0.900 [executable]: `addons/GAS_Engine/cues/gameplay_cue_params.gd:57-65:for_target` <-> `test/unit/test_refusal_statuses.gd:37-44:_cost`
- 0.900 [executable]: `addons/GAS_Engine/cues/gameplay_cue_params.gd:57-65:for_target` <-> `test/unit/test_target_data.gd:49-57:_space_cases`
- 0.897 [executable]: `addons/GAS_Engine/attributes/gameplay_attribute_runtime.gd:151-171:evaluate` <-> `addons/GAS_Engine/attributes/gameplay_attribute_runtime.gd:251-273:recompose`
- 0.895 [executable]: `addons/GAS_Engine/abilities/tasks/ability_task_wait_gameplay_effect_applied.gd:29-42:create` <-> `addons/GAS_Engine/abilities/tasks/ability_task_wait_tag_query.gd:18-29:create`
- 0.895 [executable]: `addons/GAS_Engine/attributes/gameplay_attribute_runtime.gd:102-110:all_attribute_names` <-> `addons/GAS_Engine/editor/runtime/gas_tag_snapshot.gd:51-59:_activation_owned_tags`
- 0.889 [executable]: `addons/GAS_Engine/abilities/prepared_ability_grant.gd:1-27:<file>` <-> `addons/GAS_Engine/targeting/gameplay_overlap_request_2d.gd:1-44:<file>`
- 0.889 [executable]: `addons/GAS_Engine/abilities/prepared_ability_grant.gd:1-27:<file>` <-> `addons/GAS_Engine/targeting/gameplay_overlap_request_3d.gd:1-42:<file>`
- 0.889 [executable]: `addons/GAS_Engine/abilities/tasks/ability_task_factory.gd:62-70:wait_tag_query` <-> `addons/GAS_Engine/abilities/tasks/ability_task_factory.gd:164-172:play_animation_and_wait`
- 0.889 [executable]: `addons/GAS_Engine/abilities/tasks/ability_task_wait_confirm_cancel.gd:24-31:create` <-> `test/fixtures/composer_sample_graph.gd:106-114:wire`
- 0.889 [executable]: `addons/GAS_Engine/abilities/tasks/ability_task_wait_confirm_cancel.gd:24-31:create` <-> `test/fixtures/test_effect_factory.gd:15-22:modifier`
- 0.889 [executable]: `addons/GAS_Engine/abilities/tasks/ability_task_wait_confirm_cancel.gd:24-31:create` <-> `test/fixtures/test_effect_factory.gd:257-266:stacked`
- 0.889 [executable]: `addons/GAS_Engine/abilities/tasks/ability_task_wait_confirm_cancel.gd:24-31:create` <-> `test/fixtures/test_effect_factory.gd:269-278:with_overflow_effects`
- 0.889 [executable]: `addons/GAS_Engine/abilities/tasks/ability_task_wait_confirm_cancel.gd:24-31:create` <-> `test/unit/test_composer_graph.gd:22-30:_field`
- 0.889 [executable]: `addons/GAS_Engine/components/ability_system_component.gd:527-537:can_activate_ability` <-> `addons/GAS_Engine/effects/gameplay_effect_handle_registry.gd:90-99:duration_remaining`
- 0.889 [executable]: `addons/GAS_Engine/cues/gameplay_cue_params.gd:57-65:for_target` <-> `addons/GAS_Engine/effects/components/gameplay_effect_component_validation_result.gd:28-35:invalid`
- 0.889 [executable]: `addons/GAS_Engine/cues/gameplay_cue_params.gd:57-65:for_target` <-> `test/fixtures/composer_sample_graph.gd:80-87:_port`
- 0.889 [executable]: `addons/GAS_Engine/cues/gameplay_cue_params.gd:57-65:for_target` <-> `test/fixtures/test_effect_factory.gd:288-295:with_stack_clock_policies`
- 0.889 [executable]: `addons/GAS_Engine/cues/gameplay_cue_params.gd:57-65:for_target` <-> `test/fixtures/test_effect_factory.gd:61-68:duration`
- 0.889 [executable]: `addons/GAS_Engine/cues/gameplay_cue_params.gd:57-65:for_target` <-> `test/unit/test_attribute_captures.gd:203-214:RefusalCase._init`
- 0.889 [executable]: `addons/GAS_Engine/cues/gameplay_cue_params.gd:57-65:for_target` <-> `test/unit/test_composer_graph.gd:33-40:_diagnostic`
- 0.889 [executable]: `addons/GAS_Engine/editor/attribute_set_script_writer.gd:62-69:write` <-> `test/unit/test_gloot_bridge.gd:282-292:test_unbinding_takes_back_whatever_was_worn`
- 0.875 [executable]: `addons/GAS_Engine/abilities/costs/gameplay_resolved_cost_entry.gd:1-24:<file>` <-> `addons/GAS_Engine/targeting/gameplay_overlap_request_2d.gd:1-44:<file>`
- 0.875 [executable]: `addons/GAS_Engine/abilities/costs/gameplay_resolved_cost_entry.gd:1-24:<file>` <-> `addons/GAS_Engine/targeting/gameplay_overlap_request_3d.gd:1-42:<file>`
- 0.875 [executable]: `addons/GAS_Engine/abilities/tasks/ability_task_wait_attribute_threshold.gd:29-43:create` <-> `addons/GAS_Engine/effects/gameplay_effect_runtime.gd:455-464:cue_params_for`
- 0.875 [executable]: `addons/GAS_Engine/abilities/tasks/ability_task_wait_confirm_cancel.gd:24-31:create` <-> `test/unit/test_attribute_captures.gd:72-81:SnapshotCase._init`
- 0.875 [executable]: `addons/GAS_Engine/abilities/tasks/ability_task_wait_confirm_cancel.gd:24-31:create` <-> `test/unit/test_gameplay_magnitudes.gd:93-102:SnapshotActorCase._init`
- 0.875 [executable]: `addons/GAS_Engine/attributes/attribute_modifier_contribution.gd:1-28:<file>` <-> `addons/GAS_Engine/effects/components/gameplay_effect_component_removal_context.gd:1-15:<file>`
- 0.875 [executable]: `addons/GAS_Engine/attributes/attribute_modifier_contribution.gd:1-28:<file>` <-> `addons/GAS_Engine/effects/components/gameplay_effect_component_runtime_context.gd:1-17:<file>`
- 0.870 [executable]: `addons/GAS_Engine/editor/composer/composer_canvas.gd:44-60:_ready` <-> `test/unit/test_spec_isolation.gd:140-160:test_ability_handle_and_payloads_reach_every_target_independently`
- 0.867 [executable]: `addons/GAS_Engine/attributes/gameplay_attribute_runtime.gd:348-357:_stage_clamped` <-> `addons/GAS_Engine/editor/cue_row.gd:63-80:_label_column`
- 0.867 [executable]: `addons/GAS_Engine/editor/composer/composer_canvas.gd:89-100:_add_card` <-> `test/unit/test_ability_activation_policies.gd:169-178:test_passive_per_execution_is_refused_as_invalid_definition`
- 0.864 [executable]: `addons/GAS_Engine/components/ability_system_component.gd:403-412:apply_gameplay_effect_result` <-> `addons/GAS_Engine/effects/gameplay_effect_query.gd:73-82:matches_incoming`
- 0.864 [executable]: `addons/GAS_Engine/editor/composer/composer_canvas.gd:44-60:_ready` <-> `docs/Fases/composer-mock/probe.gd:196-214:_background`
- 0.857 [executable]: `addons/GAS_Engine/abilities/costs/gameplay_resolved_cost_entry.gd:1-24:<file>` <-> `addons/GAS_Engine/cooldowns/ability_cooldown_state.gd:1-31:<file>`
- 0.857 [executable]: `addons/GAS_Engine/components/ability_system_component.gd:403-412:apply_gameplay_effect_result` <-> `addons/GAS_Engine/integrations/dialogic/dialogic_gas_bridge.gd:109-125:_apply`
- 0.857 [executable]: `addons/GAS_Engine/cooldowns/ability_cooldown_state.gd:1-31:<file>` <-> `addons/GAS_Engine/effects/components/gameplay_effect_component_removal_context.gd:1-15:<file>`
- 0.857 [executable]: `addons/GAS_Engine/cooldowns/ability_cooldown_state.gd:1-31:<file>` <-> `addons/GAS_Engine/effects/components/gameplay_effect_component_runtime_context.gd:1-17:<file>`
- 0.857 [executable]: `addons/GAS_Engine/cooldowns/ability_cooldown_state.gd:1-31:<file>` <-> `addons/GAS_Engine/targeting/gameplay_raycast_request_2d.gd:1-24:<file>`
- 0.857 [executable]: `addons/GAS_Engine/cooldowns/ability_cooldown_state.gd:1-31:<file>` <-> `addons/GAS_Engine/targeting/gameplay_raycast_request_3d.gd:1-24:<file>`
- 0.857 [executable]: `addons/GAS_Engine/editor/attribute_set_drafts.gd:258-270:rename_attribute` <-> `addons/GAS_Engine/effects/gameplay_effect_inhibition_runtime.gd:101-108:_apply_removal_if_due`
- 0.857 [executable]: `addons/GAS_Engine/editor/composer/composer_canvas.gd:44-60:_ready` <-> `test/unit/test_effect_context.gd:191-209:test_execution_calculations_see_the_full_context`
- 0.857 [executable]: `addons/GAS_Engine/editor/composer/composer_canvas.gd:89-100:_add_card` <-> `addons/GAS_Engine/editor/dashboard_tabs/cue_manager_tab.gd:283-290:_build_tag_tree`
- 0.850 [executable]: `addons/GAS_Engine/components/ability_system_component.gd:329-341:set_attribute_base` <-> `addons/GAS_Engine/components/ability_system_component.gd:403-412:apply_gameplay_effect_result`
- 0.846 [executable]: `addons/GAS_Engine/abilities/ability_tag_semantics_runtime.gd:75-83:cancel_with_tags` <-> `addons/GAS_Engine/abilities/tasks/ability_task_wait_ability_ended.gd:50-62:_on_ended`
- 0.846 [executable]: `addons/GAS_Engine/abilities/tasks/ability_task_repeat.gd:28-35:create` <-> `addons/GAS_Engine/attributes/gameplay_attribute_runtime.gd:348-357:_stage_clamped`
- 0.846 [executable]: `addons/GAS_Engine/attributes/gameplay_attribute_runtime.gd:348-357:_stage_clamped` <-> `test/unit/test_randomized_regression.gd:36-43:before_each`
- 0.844 [executable]: `addons/GAS_Engine/components/ability_system_component.gd:146-174:_wire_runtimes` <-> `test/unit/test_attribute_aggregation.gd:136-164:_removal_cases`
- 0.842 [executable]: `addons/GAS_Engine/abilities/ability_tag_semantics_runtime.gd:98-105:cancel_conflicting_abilities` <-> `addons/GAS_Engine/components/ability_system_component.gd:527-537:can_activate_ability`
- 0.842 [executable]: `addons/GAS_Engine/editor/attribute_set_script_writer.gd:62-69:write` <-> `addons/GAS_Engine/editor/dashboard_tabs/attribute_sets_tab.gd:309-320:_build_attribute_row`
- 0.842 [executable]: `addons/GAS_Engine/editor/attribute_set_script_writer.gd:62-69:write` <-> `test/unit/test_ability_spec_and_handle.gd:78-86:test_a_handle_from_another_asc_cannot_remove_a_spec_here`
- 0.842 [executable]: `addons/GAS_Engine/editor/attribute_set_script_writer.gd:62-69:write` <-> `test/unit/test_effect_lifecycle.gd:103-114:test_losing_the_buff_discards_the_excess_permanently`
- 0.842 [executable]: `addons/GAS_Engine/editor/attribute_set_script_writer.gd:62-69:write` <-> `test/unit/test_gameplay_effect_ability_grants.gd:76-83:test_the_receipt_matches_exactly_what_was_granted`
- 0.842 [executable]: `addons/GAS_Engine/editor/attribute_set_script_writer.gd:62-69:write` <-> `test/unit/test_gameplay_effect_handles_and_queries.gd:213-222:test_remove_by_query_snapshots_before_removing`
- 0.842 [executable]: `addons/GAS_Engine/editor/attribute_set_script_writer.gd:62-69:write` <-> `test/unit/test_modifier_magnitudes.gd:109-122:test_an_invalid_index_refuses_the_application_instead_of_weakening_it`
- 0.839 [executable]: `addons/GAS_Engine/attributes/gameplay_attribute_runtime.gd:384-409:commit_base_write` <-> `addons/GAS_Engine/effects/gameplay_effect_evaluator.gd:425-449:can_afford`
- 0.833 [executable]: `addons/GAS_Engine/abilities/costs/gameplay_ability_cost.gd:1-35:<file>` <-> `addons/GAS_Engine/effects/gameplay_effect_ability_grant.gd:1-22:<file>`
- 0.833 [executable]: `addons/GAS_Engine/abilities/gameplay_ability_event_trigger.gd:19-26:for_tag` <-> `addons/GAS_Engine/effects/gameplay_effect_application_result.gd:51-62:failure`
- 0.833 [executable]: `addons/GAS_Engine/abilities/gameplay_ability_event_trigger.gd:19-26:for_tag` <-> `test/unit/test_composer_layout.gd:45-53:_data_only`
- 0.833 [executable]: `addons/GAS_Engine/abilities/gameplay_ability_event_trigger.gd:19-26:for_tag` <-> `test/unit/test_targeting_2d.gd:110-117:_sweep`
- 0.833 [executable]: `addons/GAS_Engine/abilities/gameplay_ability_event_trigger.gd:19-26:for_tag` <-> `test/unit/test_targeting_3d.gd:109-116:_sweep`
- 0.833 [executable]: `addons/GAS_Engine/abilities/tasks/ability_task_play_animation_and_wait.gd:18-29:create` <-> `addons/GAS_Engine/effects/gameplay_effect_application_result.gd:51-62:failure`
- 0.833 [executable]: `addons/GAS_Engine/abilities/tasks/ability_task_play_animation_and_wait.gd:18-29:create` <-> `test/unit/test_composer_layout.gd:45-53:_data_only`
- 0.833 [executable]: `addons/GAS_Engine/abilities/tasks/ability_task_play_animation_and_wait.gd:18-29:create` <-> `test/unit/test_targeting_2d.gd:110-117:_sweep`
- 0.833 [executable]: `addons/GAS_Engine/abilities/tasks/ability_task_play_animation_and_wait.gd:18-29:create` <-> `test/unit/test_targeting_3d.gd:109-116:_sweep`
- 0.833 [executable]: `addons/GAS_Engine/abilities/tasks/ability_task_repeat.gd:28-35:create` <-> `test/unit/test_randomized_regression.gd:36-43:before_each`
- 0.833 [executable]: `addons/GAS_Engine/attributes/attribute_set.gd:72-80:get_attribute_names` <-> `addons/GAS_Engine/effects/gameplay_effect_inhibition_runtime.gd:90-98:_reevaluate_one_pass`
- 0.833 [executable]: `addons/GAS_Engine/cooldowns/ability_cooldown_state.gd:1-31:<file>` <-> `addons/GAS_Engine/effects/components/gameplay_effect_additional_effects_component.gd:1-24:<file>`
- 0.833 [executable]: `addons/GAS_Engine/cooldowns/ability_cooldown_state.gd:1-31:<file>` <-> `addons/GAS_Engine/effects/components/gameplay_effect_grant_abilities_state.gd:1-16:<file>`
- 0.833 [executable]: `addons/GAS_Engine/cooldowns/ability_cooldown_state.gd:1-31:<file>` <-> `addons/GAS_Engine/integrations/gloot/gloot_gas_equipment_receipt.gd:1-21:<file>`
- 0.833 [executable]: `addons/GAS_Engine/editor/attribute_set_script_writer.gd:62-69:write` <-> `test/unit/test_ability_spec_and_handle.gd:140-147:test_dynamic_tags_are_independent_between_two_grants`
- 0.833 [executable]: `addons/GAS_Engine/editor/attribute_set_script_writer.gd:62-69:write` <-> `test/unit/test_ability_target_application.gd:311-322:test_a_cast_cancelled_before_its_targets_arrive_fires_nothing`
- 0.833 [executable]: `addons/GAS_Engine/editor/attribute_set_script_writer.gd:62-69:write` <-> `test/unit/test_ability_task_library.gd:437-446:test_zero_tasks_remain_after_a_batch_of_tasks_end`
- 0.833 [executable]: `addons/GAS_Engine/editor/attribute_set_script_writer.gd:62-69:write` <-> `test/unit/test_gloot_bridge.gd:295-304:test_nothing_arrives_after_unbinding`
- 0.833 [executable]: `addons/GAS_Engine/editor/attribute_set_script_writer.gd:62-69:write` <-> `test/unit/test_spec_isolation.gd:126-137:test_each_target_computes_against_its_own_attributes`
- 0.826 [executable]: `addons/GAS_Engine/abilities/ability_instancing_runtime.gd:46-59:instance_for_activation` <-> `addons/GAS_Engine/magnitudes/gameplay_set_by_caller_magnitude.gd:21-30:resolve`
- 0.826 [executable]: `addons/GAS_Engine/components/ability_system_component.gd:384-396:apply_effect_spec_to_target_result` <-> `addons/GAS_Engine/editor/dashboard_tabs/cue_manager_tab.gd:399-413:_execute_delete`
- 0.826 [executable]: `addons/GAS_Engine/components/ability_system_component.gd:384-396:apply_effect_spec_to_target_result` <-> `addons/GAS_Engine/magnitudes/gameplay_custom_magnitude.gd:17-26:resolve`
- 0.826 [executable]: `addons/GAS_Engine/cues/gameplay_cue_notify.gd:43-65:execute_cue` <-> `addons/GAS_Engine/gas_engine_plugin.gd:84-101:_enable_plugin`
- 0.824 [executable]: `addons/GAS_Engine/abilities/ability_commit_contract.gd:120-129:unique_cooldowns` <-> `addons/GAS_Engine/editor/attribute_set_drafts.gd:158-165:attribute_names`
- 0.824 [executable]: `addons/GAS_Engine/components/ability_runtime.gd:179-190:remove_ability` <-> `addons/GAS_Engine/editor/dashboard_tabs/cue_manager_tab.gd:388-395:_on_delete_pressed`
- 0.824 [executable]: `addons/GAS_Engine/editor/attribute_set_drafts.gd:158-165:attribute_names` <-> `addons/GAS_Engine/effects/gameplay_effect_runtime.gd:210-217:_is_immune_to`
- 0.824 [executable]: `addons/GAS_Engine/editor/attribute_set_script_writer.gd:62-69:write` <-> `test/unit/test_ability_spec_and_handle.gd:208-215:test_cleanup_empties_the_spec_registry`
- 0.824 [executable]: `addons/GAS_Engine/editor/attribute_set_script_writer.gd:62-69:write` <-> `test/unit/test_effect_lifecycle.gd:132-143:test_cleanup_is_idempotent`
- 0.824 [executable]: `addons/GAS_Engine/editor/attribute_set_script_writer.gd:62-69:write` <-> `test/unit/test_target_data.gd:210-217:test_mutating_what_was_handed_out_does_not_reach_the_collector`
- 0.824 [executable]: `addons/GAS_Engine/editor/composer/composer_canvas.gd:89-100:_add_card` <-> `test/unit/test_ability_task_library.gd:167-179:test_wait_gameplay_effect_applied_matches_by_query_including_instant_success`
- 0.821 [executable]: `addons/GAS_Engine/attributes/gameplay_attribute_runtime.gd:364-378:stage_gameplay_effect_base_write` <-> `addons/GAS_Engine/attributes/gameplay_attribute_runtime.gd:384-409:commit_base_write`
- 0.818 [executable]: `addons/GAS_Engine/abilities/gameplay_ability_event_trigger.gd:19-26:for_tag` <-> `test/unit/test_target_data.gd:49-57:_space_cases`
- 0.818 [executable]: `addons/GAS_Engine/abilities/tasks/ability_task_factory.gd:62-70:wait_tag_query` <-> `test/unit/test_composer_layout.gd:33-41:_node`
- 0.818 [executable]: `addons/GAS_Engine/abilities/tasks/ability_task_play_animation_and_wait.gd:18-29:create` <-> `test/unit/test_target_data.gd:49-57:_space_cases`
- 0.818 [executable]: `addons/GAS_Engine/abilities/tasks/ability_task_repeat.gd:28-35:create` <-> `addons/GAS_Engine/cues/gameplay_cue_params.gd:57-65:for_target`
- 0.818 [executable]: `addons/GAS_Engine/abilities/tasks/ability_task_repeat.gd:28-35:create` <-> `test/fixtures/composer_sample_graph.gd:106-114:wire`
- 0.818 [executable]: `addons/GAS_Engine/abilities/tasks/ability_task_repeat.gd:28-35:create` <-> `test/fixtures/test_effect_factory.gd:15-22:modifier`
- 0.818 [executable]: `addons/GAS_Engine/abilities/tasks/ability_task_repeat.gd:28-35:create` <-> `test/fixtures/test_effect_factory.gd:257-266:stacked`
- 0.818 [executable]: `addons/GAS_Engine/abilities/tasks/ability_task_repeat.gd:28-35:create` <-> `test/fixtures/test_effect_factory.gd:269-278:with_overflow_effects`
- 0.818 [executable]: `addons/GAS_Engine/abilities/tasks/ability_task_repeat.gd:28-35:create` <-> `test/unit/test_composer_graph.gd:22-30:_field`
- 0.818 [executable]: `addons/GAS_Engine/components/ability_system_component.gd:384-396:apply_effect_spec_to_target_result` <-> `addons/GAS_Engine/editor/theme/dashboard_theme.gd:159-168:_classify`
- 0.818 [executable]: `addons/GAS_Engine/components/ability_system_component.gd:384-396:apply_effect_spec_to_target_result` <-> `addons/GAS_Engine/effects/gameplay_effect_inhibition_runtime.gd:101-108:_apply_removal_if_due`
- 0.818 [executable]: `addons/GAS_Engine/components/ability_system_component.gd:403-412:apply_gameplay_effect_result` <-> `addons/GAS_Engine/editor/dashboard_tabs/tag_manager_tab.gd:104-121:_refresh_tag_tree`
- 0.818 [executable]: `addons/GAS_Engine/cues/gameplay_cue_params.gd:57-65:for_target` <-> `test/fixtures/test_effect_factory.gd:392-403:capture_definition`
- 0.818 [executable]: `addons/GAS_Engine/cues/gameplay_cue_params.gd:57-65:for_target` <-> `test/unit/test_gameplay_effect_components.gd:185-194:_refusal_stage_cases`
- 0.818 [executable]: `addons/GAS_Engine/editor/composer/composer_canvas.gd:44-60:_ready` <-> `test/unit/test_effect_context.gd:126-141:test_multiple_payloads_all_survive_a_copy_in_order`
- 0.815 [executable]: `addons/GAS_Engine/attributes/gameplay_attribute_runtime.gd:251-273:recompose` <-> `addons/GAS_Engine/attributes/gameplay_attribute_runtime.gd:364-378:stage_gameplay_effect_base_write`
- 0.812 [executable]: `addons/GAS_Engine/abilities/gameplay_ability.gd:307-314:execute_cue` <-> `addons/GAS_Engine/targeting/gameplay_targeting_service.gd:22-36:raycast_2d`
- 0.812 [executable]: `addons/GAS_Engine/abilities/gameplay_ability.gd:307-314:execute_cue` <-> `addons/GAS_Engine/targeting/gameplay_targeting_service.gd:39-53:raycast_3d`
- 0.812 [executable]: `addons/GAS_Engine/attributes/gameplay_attribute_runtime.gd:348-357:_stage_clamped` <-> `addons/GAS_Engine/editor/runtime/gas_cue_snapshot.gd:48-59:_capture_one`
- 0.812 [executable]: `addons/GAS_Engine/components/ability_runtime.gd:179-190:remove_ability` <-> `addons/GAS_Engine/editor/dashboard_tabs/attribute_sets_tab.gd:352-359:_on_attribute_tree_item_edited`
- 0.812 [executable]: `addons/GAS_Engine/components/ability_runtime.gd:179-190:remove_ability` <-> `addons/GAS_Engine/integrations/gloot/gloot_gas_bridge.gd:210-218:_withdraw`
- 0.812 [executable]: `addons/GAS_Engine/editor/composer/composer_canvas.gd:89-100:_add_card` <-> `test/unit/test_ability_lifecycle.gd:75-83:test_try_activate_maps_an_active_cooldown_tag_to_on_cooldown`
- 0.810 [executable]: `addons/GAS_Engine/attributes/attribute_set.gd:72-80:get_attribute_names` <-> `addons/GAS_Engine/gameplay_tag/gameplay_tag_inspector_plugin.gd:77-86:matches_tag_naming`
- 0.800 [executable]: `addons/GAS_Engine/abilities/ability_activation_policy_runtime.gd:125-137:_reevaluate_one_spec` <-> `addons/GAS_Engine/components/ability_system_component.gd:384-396:apply_effect_spec_to_target_result`
- 0.800 [executable]: `addons/GAS_Engine/abilities/costs/gameplay_ability_cost.gd:1-35:<file>` <-> `addons/GAS_Engine/gameplay_tag/gameplay_tag_query_expression.gd:1-24:<file>`
- 0.800 [executable]: `addons/GAS_Engine/abilities/gameplay_ability.gd:307-314:execute_cue` <-> `addons/GAS_Engine/managers/gameplay_cue_manager.gd:96-105:activate_persistent_cue`
- 0.800 [executable]: `addons/GAS_Engine/abilities/gameplay_ability_event_trigger.gd:19-26:for_tag` <-> `addons/GAS_Engine/abilities/tasks/ability_task_wait_confirm_cancel.gd:24-31:create`
- 0.800 [executable]: `addons/GAS_Engine/abilities/gameplay_ability_event_trigger.gd:19-26:for_tag` <-> `addons/GAS_Engine/effects/components/gameplay_effect_component_validation_result.gd:28-35:invalid`
- 0.800 [executable]: `addons/GAS_Engine/abilities/gameplay_ability_event_trigger.gd:19-26:for_tag` <-> `test/fixtures/composer_sample_graph.gd:80-87:_port`
- 0.800 [executable]: `addons/GAS_Engine/abilities/gameplay_ability_event_trigger.gd:19-26:for_tag` <-> `test/fixtures/test_effect_factory.gd:288-295:with_stack_clock_policies`
- 0.800 [executable]: `addons/GAS_Engine/abilities/gameplay_ability_event_trigger.gd:19-26:for_tag` <-> `test/fixtures/test_effect_factory.gd:61-68:duration`
- 0.800 [executable]: `addons/GAS_Engine/abilities/gameplay_ability_event_trigger.gd:19-26:for_tag` <-> `test/unit/test_composer_graph.gd:33-40:_diagnostic`
- 0.800 [executable]: `addons/GAS_Engine/abilities/tasks/ability_task_factory.gd:75-85:wait_gameplay_effect_applied` <-> `addons/GAS_Engine/abilities/tasks/ability_task_factory.gd:164-172:play_animation_and_wait`
- 0.800 [executable]: `addons/GAS_Engine/abilities/tasks/ability_task_play_animation_and_wait.gd:18-29:create` <-> `addons/GAS_Engine/abilities/tasks/ability_task_wait_confirm_cancel.gd:24-31:create`
- 0.800 [executable]: `addons/GAS_Engine/abilities/tasks/ability_task_play_animation_and_wait.gd:18-29:create` <-> `addons/GAS_Engine/effects/components/gameplay_effect_component_validation_result.gd:28-35:invalid`
- 0.800 [executable]: `addons/GAS_Engine/abilities/tasks/ability_task_play_animation_and_wait.gd:18-29:create` <-> `test/fixtures/composer_sample_graph.gd:80-87:_port`
- 0.800 [executable]: `addons/GAS_Engine/abilities/tasks/ability_task_play_animation_and_wait.gd:18-29:create` <-> `test/fixtures/test_effect_factory.gd:288-295:with_stack_clock_policies`
- 0.800 [executable]: `addons/GAS_Engine/abilities/tasks/ability_task_play_animation_and_wait.gd:18-29:create` <-> `test/fixtures/test_effect_factory.gd:61-68:duration`
- 0.800 [executable]: `addons/GAS_Engine/abilities/tasks/ability_task_play_animation_and_wait.gd:18-29:create` <-> `test/unit/test_attribute_captures.gd:203-214:RefusalCase._init`
- 0.800 [executable]: `addons/GAS_Engine/abilities/tasks/ability_task_play_animation_and_wait.gd:18-29:create` <-> `test/unit/test_composer_graph.gd:33-40:_diagnostic`
- 0.800 [executable]: `addons/GAS_Engine/abilities/tasks/ability_task_wait_ability_activated.gd:20-27:create` <-> `addons/GAS_Engine/effects/gameplay_effect_component_runtime.gd:21-29:build_request`
- 0.800 [executable]: `addons/GAS_Engine/abilities/tasks/ability_task_wait_ability_activated.gd:30-37:create_matching` <-> `addons/GAS_Engine/effects/gameplay_effect_component_runtime.gd:21-29:build_request`
- 0.800 [executable]: `addons/GAS_Engine/abilities/tasks/ability_task_wait_ability_ended.gd:20-27:create` <-> `addons/GAS_Engine/effects/gameplay_effect_component_runtime.gd:21-29:build_request`
- 0.800 [executable]: `addons/GAS_Engine/abilities/tasks/ability_task_wait_ability_ended.gd:30-37:create_matching` <-> `addons/GAS_Engine/effects/gameplay_effect_component_runtime.gd:21-29:build_request`
- 0.800 [executable]: `addons/GAS_Engine/abilities/tasks/ability_task_wait_attribute_change.gd:20-27:create` <-> `addons/GAS_Engine/effects/gameplay_effect_component_runtime.gd:21-29:build_request`
- 0.800 [executable]: `addons/GAS_Engine/abilities/tasks/ability_task_wait_attribute_threshold.gd:29-43:create` <-> `addons/GAS_Engine/effects/gameplay_effect_application_result.gd:51-62:failure`
- 0.800 [executable]: `addons/GAS_Engine/abilities/tasks/ability_task_wait_attribute_threshold.gd:29-43:create` <-> `addons/GAS_Engine/effects/gameplay_effect_component_runtime.gd:21-29:build_request`
- 0.800 [executable]: `addons/GAS_Engine/abilities/tasks/ability_task_wait_confirm_cancel.gd:24-31:create` <-> `test/fixtures/test_effect_factory.gd:298-305:conditional_effect`
- 0.800 [executable]: `addons/GAS_Engine/abilities/tasks/ability_task_wait_confirm_cancel.gd:24-31:create` <-> `test/fixtures/test_effect_factory.gd:96-104:turn_based`
- 0.800 [executable]: `addons/GAS_Engine/abilities/tasks/ability_task_wait_confirm_cancel.gd:24-31:create` <-> `test/unit/test_attribute_evaluation.gd:58-65:_request`
- 0.800 [executable]: `addons/GAS_Engine/abilities/tasks/ability_task_wait_confirm_cancel.gd:24-31:create` <-> `test/unit/test_gameplay_ability_cost_resolver.gd:42-51:_percent_of_current`
- 0.800 [executable]: `addons/GAS_Engine/abilities/tasks/ability_task_wait_confirm_cancel.gd:24-31:create` <-> `test/unit/test_quest_system_bridge.gd:71-78:_binding`
- 0.800 [executable]: `addons/GAS_Engine/abilities/tasks/ability_task_wait_confirm_cancel.gd:24-31:create` <-> `test/unit/test_refusal_statuses.gd:37-44:_cost`
- 0.800 [executable]: `addons/GAS_Engine/abilities/tasks/ability_task_wait_confirm_cancel.gd:24-31:create` <-> `test/unit/test_target_data.gd:49-57:_space_cases`
- 0.800 [executable]: `addons/GAS_Engine/abilities/tasks/ability_task_wait_gameplay_effect_removed.gd:20-27:create` <-> `addons/GAS_Engine/effects/gameplay_effect_component_runtime.gd:21-29:build_request`
- 0.800 [executable]: `addons/GAS_Engine/abilities/tasks/ability_task_wait_gameplay_effect_removed.gd:30-37:create_matching` <-> `addons/GAS_Engine/effects/gameplay_effect_component_runtime.gd:21-29:build_request`
- 0.800 [executable]: `addons/GAS_Engine/abilities/tasks/ability_task_wait_gameplay_effect_stack_change.gd:16-23:create` <-> `addons/GAS_Engine/effects/gameplay_effect_component_runtime.gd:21-29:build_request`
- 0.800 [executable]: `addons/GAS_Engine/abilities/tasks/ability_task_wait_tag_added.gd:19-26:create` <-> `addons/GAS_Engine/effects/gameplay_effect_component_runtime.gd:21-29:build_request`
- 0.800 [executable]: `addons/GAS_Engine/abilities/tasks/ability_task_wait_tag_removed.gd:17-24:create` <-> `addons/GAS_Engine/effects/gameplay_effect_component_runtime.gd:21-29:build_request`
- 0.800 [executable]: `addons/GAS_Engine/attributes/gameplay_attribute_runtime.gd:348-357:_stage_clamped` <-> `test/unit/test_ability_tasks.gd:55-62:before_each`
- 0.800 [executable]: `addons/GAS_Engine/attributes/gameplay_attribute_runtime.gd:348-357:_stage_clamped` <-> `test/unit/test_gameplay_asset_validator.gd:48-57:test_an_empty_tag_in_a_query_is_reported`
- 0.800 [executable]: `addons/GAS_Engine/cues/gameplay_cue_params.gd:57-65:for_target` <-> `test/fixtures/test_effect_factory.gd:15-22:modifier`
- 0.800 [executable]: `addons/GAS_Engine/editor/attribute_set_drafts.gd:258-270:rename_attribute` <-> `addons/GAS_Engine/managers/gameplay_cue_manager.gd:112-119:deactivate_persistent_cue`
- 0.800 [executable]: `addons/GAS_Engine/editor/attribute_set_script_writer.gd:62-69:write` <-> `test/unit/test_ability_activation_policies.gd:132-144:test_passive_restarts_once_conditions_are_satisfied_again`
- 0.800 [executable]: `addons/GAS_Engine/editor/attribute_set_script_writer.gd:62-69:write` <-> `test/unit/test_ability_tasks.gd:254-268:test_a_task_ending_its_neighbour_does_not_skip_the_rest`
- 0.800 [executable]: `addons/GAS_Engine/editor/attribute_set_script_writer.gd:62-69:write` <-> `test/unit/test_gloot_bridge.gd:230-240:test_unequipping_removes_exactly_what_was_given`
- 0.800 [executable]: `addons/GAS_Engine/editor/composer/composer_canvas.gd:89-100:_add_card` <-> `test/unit/test_ability_activation_policies.gd:120-129:test_passive_cancels_when_a_blocking_condition_appears`
- 0.800 [executable]: `addons/GAS_Engine/editor/composer/composer_canvas.gd:89-100:_add_card` <-> `test/unit/test_ability_lifecycle.gd:111-125:test_ability_runtime_ended_signal_fires_when_the_activation_finishes`
- 0.800 [executable]: `addons/GAS_Engine/editor/composer/composer_canvas.gd:89-100:_add_card` <-> `test/unit/test_ability_lifecycle.gd:350-362:test_a_passive_that_asks_for_per_execution_is_refused_and_freed`
- 0.800 [executable]: `addons/GAS_Engine/editor/composer/composer_canvas.gd:89-100:_add_card` <-> `test/unit/test_ability_lifecycle.gd:56-63:test_try_activate_maps_a_blocked_query_to_blocked_by_tags`
- 0.800 [executable]: `addons/GAS_Engine/editor/composer/composer_canvas.gd:89-100:_add_card` <-> `test/unit/test_ability_tag_semantics.gd:280-289:test_cancelling_an_active_ability_emits_ability_ended_exactly_once`
- 0.793 [executable]: `addons/GAS_Engine/attributes/gameplay_attribute_runtime.gd:151-171:evaluate` <-> `addons/GAS_Engine/attributes/gameplay_attribute_runtime.gd:364-378:stage_gameplay_effect_base_write`
- 0.793 [executable]: `addons/GAS_Engine/attributes/gameplay_attribute_runtime.gd:151-171:evaluate` <-> `addons/GAS_Engine/editor/runtime/gas_runtime_snapshot.gd:21-33:capture`
- 0.792 [executable]: `addons/GAS_Engine/abilities/ability_cooldown_runtime.gd:19-29:get_cooldown_tags` <-> `addons/GAS_Engine/components/ability_runtime.gd:418-430:_deliver_input`
- 0.792 [executable]: `addons/GAS_Engine/abilities/ability_tag_semantics_runtime.gd:62-69:cancel_matching_query` <-> `addons/GAS_Engine/effects/gameplay_effect_component_runtime.gd:48-57:can_apply_all`
- 0.792 [executable]: `addons/GAS_Engine/abilities/ability_tag_semantics_runtime.gd:62-69:cancel_matching_query` <-> `addons/GAS_Engine/integrations/quest_system/quest_system_gas_bridge.gd:235-245:_on_gameplay_event`
- 0.792 [executable]: `addons/GAS_Engine/editor/attribute_set_drafts.gd:110-119:rename_set` <-> `addons/GAS_Engine/editor/attribute_set_drafts.gd:258-270:rename_attribute`
- 0.792 [executable]: `addons/GAS_Engine/editor/attribute_set_drafts.gd:126-137:duplicate_set` <-> `addons/GAS_Engine/gameplay_tag/gameplay_tag_inspector_plugin.gd:77-86:matches_tag_naming`
- 0.789 [executable]: `addons/GAS_Engine/abilities/tasks/ability_task_wait_ability_activated.gd:20-27:create` <-> `addons/GAS_Engine/abilities/tasks/ability_task_wait_gameplay_effect_applied.gd:29-42:create`
- 0.789 [executable]: `addons/GAS_Engine/abilities/tasks/ability_task_wait_ability_activated.gd:30-37:create_matching` <-> `addons/GAS_Engine/abilities/tasks/ability_task_wait_gameplay_effect_applied.gd:29-42:create`
- 0.789 [executable]: `addons/GAS_Engine/abilities/tasks/ability_task_wait_ability_ended.gd:20-27:create` <-> `addons/GAS_Engine/abilities/tasks/ability_task_wait_gameplay_effect_applied.gd:29-42:create`
- 0.789 [executable]: `addons/GAS_Engine/abilities/tasks/ability_task_wait_ability_ended.gd:30-37:create_matching` <-> `addons/GAS_Engine/abilities/tasks/ability_task_wait_gameplay_effect_applied.gd:29-42:create`
- 0.789 [executable]: `addons/GAS_Engine/abilities/tasks/ability_task_wait_attribute_change.gd:20-27:create` <-> `addons/GAS_Engine/abilities/tasks/ability_task_wait_gameplay_effect_applied.gd:29-42:create`
- 0.789 [executable]: `addons/GAS_Engine/abilities/tasks/ability_task_wait_attribute_threshold.gd:29-43:create` <-> `addons/GAS_Engine/abilities/tasks/ability_task_wait_gameplay_effect_applied.gd:29-42:create`
- 0.789 [executable]: `addons/GAS_Engine/abilities/tasks/ability_task_wait_gameplay_effect_applied.gd:29-42:create` <-> `addons/GAS_Engine/abilities/tasks/ability_task_wait_gameplay_effect_removed.gd:20-27:create`
- 0.789 [executable]: `addons/GAS_Engine/abilities/tasks/ability_task_wait_gameplay_effect_applied.gd:29-42:create` <-> `addons/GAS_Engine/abilities/tasks/ability_task_wait_gameplay_effect_removed.gd:30-37:create_matching`
- 0.789 [executable]: `addons/GAS_Engine/abilities/tasks/ability_task_wait_gameplay_effect_applied.gd:29-42:create` <-> `addons/GAS_Engine/abilities/tasks/ability_task_wait_gameplay_effect_stack_change.gd:16-23:create`
- 0.789 [executable]: `addons/GAS_Engine/abilities/tasks/ability_task_wait_gameplay_effect_applied.gd:29-42:create` <-> `addons/GAS_Engine/abilities/tasks/ability_task_wait_tag_added.gd:19-26:create`
- 0.789 [executable]: `addons/GAS_Engine/abilities/tasks/ability_task_wait_gameplay_effect_applied.gd:29-42:create` <-> `addons/GAS_Engine/abilities/tasks/ability_task_wait_tag_removed.gd:17-24:create`
- 0.789 [executable]: `addons/GAS_Engine/components/ability_system_component.gd:329-341:set_attribute_base` <-> `addons/GAS_Engine/editor/dashboard_tabs/cue_manager_tab.gd:304-314:_on_tag_dialog_confirmed`
- 0.789 [executable]: `addons/GAS_Engine/components/ability_system_component.gd:365-374:apply_effect_spec_result` <-> `addons/GAS_Engine/editor/dashboard_tabs/attribute_sets_tab.gd:178-187:_sync_theme_colors`
- 0.789 [executable]: `addons/GAS_Engine/editor/attribute_set_script_writer.gd:62-69:write` <-> `test/unit/test_ability_instancing.gd:104-114:test_per_execution_gives_each_activation_a_distinct_node_id`
- 0.789 [executable]: `addons/GAS_Engine/editor/attribute_set_script_writer.gd:62-69:write` <-> `test/unit/test_gameplay_effect_inhibition.gd:119-131:test_target_granted_tags_disappear_while_inhibited_and_reappear`
- 0.789 [executable]: `addons/GAS_Engine/editor/attribute_set_script_writer.gd:62-69:write` <-> `test/unit/test_gameplay_effect_stacking.gd:399-410:test_removing_a_stack_drops_its_tag_refcount_exactly_once`
- 0.789 [executable]: `addons/GAS_Engine/editor/attribute_set_script_writer.gd:62-69:write` <-> `test/unit/test_gameplay_magnitudes.gd:238-248:test_set_by_caller_is_isolated_per_target_copy`
- 0.786 [executable]: `addons/GAS_Engine/abilities/ability_activation_policy_runtime.gd:125-137:_reevaluate_one_spec` <-> `addons/GAS_Engine/effects/components/gameplay_effect_grant_abilities_component.gd:24-35:prepare_application`
- 0.786 [executable]: `addons/GAS_Engine/abilities/ability_activation_policy_runtime.gd:145-157:active_requirements_error` <-> `addons/GAS_Engine/targeting/gameplay_target_filter.gd:36-49:accepts`
- 0.786 [executable]: `addons/GAS_Engine/abilities/ability_tag_semantics_runtime.gd:75-83:cancel_with_tags` <-> `addons/GAS_Engine/abilities/gameplay_ability.gd:307-314:execute_cue`
- 0.786 [executable]: `addons/GAS_Engine/abilities/gameplay_ability.gd:307-314:execute_cue` <-> `addons/GAS_Engine/abilities/tasks/ability_task_wait_ability_ended.gd:50-62:_on_ended`
- 0.786 [executable]: `addons/GAS_Engine/attributes/gameplay_attribute_runtime.gd:348-357:_stage_clamped` <-> `addons/GAS_Engine/editor/dashboard_tabs/cue_manager_tab.gd:417-427:_reset_form`
- 0.786 [executable]: `addons/GAS_Engine/attributes/gameplay_attribute_runtime.gd:348-357:_stage_clamped` <-> `test/unit/test_gameplay_magnitudes.gd:216-223:test_a_required_set_by_caller_never_supplied_is_refused`
- 0.786 [executable]: `addons/GAS_Engine/components/gameplay_tag_runtime.gd:31-38:add` <-> `addons/GAS_Engine/integrations/quest_system/quest_system_gas_bridge.gd:216-223:_quest_id_of`
- 0.786 [executable]: `addons/GAS_Engine/editor/composer/composer_canvas.gd:89-100:_add_card` <-> `test/unit/test_ability_system_locator.gd:129-138:test_the_ability_facade_and_the_locator_are_the_same_search`
- 0.783 [executable]: `addons/GAS_Engine/abilities/ability_instancing_runtime.gd:46-59:instance_for_activation` <-> `addons/GAS_Engine/effects/gameplay_effect_chain_runtime.gd:30-43:fire_on_removal`
- 0.783 [executable]: `addons/GAS_Engine/abilities/ability_instancing_runtime.gd:85-95:mark_pending_removal` <-> `addons/GAS_Engine/integrations/quest_system/quest_system_gas_bridge.gd:136-149:_bindings_are_valid`
- 0.783 [executable]: `addons/GAS_Engine/components/ability_system_component.gd:384-396:apply_effect_spec_to_target_result` <-> `addons/GAS_Engine/editor/attribute_set_drafts.gd:258-270:rename_attribute`
- 0.783 [executable]: `addons/GAS_Engine/components/ability_system_component.gd:384-396:apply_effect_spec_to_target_result` <-> `addons/GAS_Engine/editor/dashboard_tabs/tag_manager_tab.gd:146-161:_on_add_tag_pressed`
- 0.783 [executable]: `addons/GAS_Engine/editor/attribute_set_drafts.gd:258-270:rename_attribute` <-> `addons/GAS_Engine/integrations/dialogic/dialogic_gas_bridge.gd:41-54:bind`

## Scan Issues

- None

--- stderr ---

