RESULT: PASS
stage:      magic-string
command:    python tooling\gates\run_gate.py magic-string artifacts\gates\F6.6
started:    2026-09-09T20:51:32.7656026Z
ended:      2026-09-09T20:51:41.5530363Z
duration_s: 8.787
exit_code:  0

--- stdout ---
# Magic String Gate

- Status: **PASS**
- Project: `<repo>`
- Source files scanned: 427
- Blocking findings: 0
- Scan issues: 0
- Blocking kinds: colors, repeated, templates
- Configured exclusions: addons/gut/**, docs/**

## Repeated Literals

- None

## Repeated Templates

- None

## Hard-coded Colors

- None

## Scan Issues

- None

--- stderr ---

