RESULT: PASS
stage:      duplication
command:    python tooling\gates\run_gate.py duplication artifacts\gates\F6.0
started:    2026-09-08T22:39:22.1151140Z
ended:      2026-09-08T22:39:31.9516702Z
duration_s: 9.837
exit_code:  0

--- stdout ---
# Duplication Gate

- Status: **PASS**
- Project: `<repo>`
- Source files scanned: 514
- Blocking findings: 0
- Scan issues: 0
- Units scanned: 2382
- Units by language: gdscript 2340, powershell 4, python 38
- Findings: 366
- Elapsed: 9.659s
- Explicit default exclusions: tooling/gates/**
- Shape-only pairs not counted: 42 (identifier overlap < 0.55 or fewer than 3 identifiers)
- Pairs found but not listed, per-kind cap 250: structural 0, masked 0, behavioral 22962 (raise with --max-pairs)

## Structural

- 1.000 [executable]: `addons/GAS_Engine/abilities/tasks/ability_task_wait_ability_activated.gd:20-27:create` <-> `addons/GAS_Engine/abilities/tasks/ability_task_wait_ability_ended.gd:20-27:create`
- 1.000 [executable]: `addons/GAS_Engine/abilities/tasks/ability_task_wait_ability_activated.gd:20-27:create` <-> `addons/GAS_Engine/abilities/tasks/ability_task_wait_gameplay_effect_removed.gd:20-27:create`
- 1.000 [executable]: `addons/GAS_Engine/abilities/tasks/ability_task_wait_ability_activated.gd:20-27:create` <-> `addons/GAS_Engine/abilities/tasks/ability_task_wait_gameplay_effect_stack_change.gd:16-23:create`
- 1.000 [executable]: `addons/GAS_Engine/abilities/tasks/ability_task_wait_ability_activated.gd:30-37:create_matching` <-> `addons/GAS_Engine/abilities/tasks/ability_task_wait_ability_ended.gd:30-37:create_matching`
- 1.000 [executable]: `addons/GAS_Engine/abilities/tasks/ability_task_wait_ability_activated.gd:30-37:create_matching` <-> `addons/GAS_Engine/abilities/tasks/ability_task_wait_gameplay_effect_removed.gd:30-37:create_matching`
- 1.000 [executable]: `addons/GAS_Engine/abilities/tasks/ability_task_wait_ability_ended.gd:20-27:create` <-> `addons/GAS_Engine/abilities/tasks/ability_task_wait_gameplay_effect_removed.gd:20-27:create`
- 1.000 [executable]: `addons/GAS_Engine/abilities/tasks/ability_task_wait_ability_ended.gd:20-27:create` <-> `addons/GAS_Engine/abilities/tasks/ability_task_wait_gameplay_effect_stack_change.gd:16-23:create`
- 1.000 [executable]: `addons/GAS_Engine/abilities/tasks/ability_task_wait_ability_ended.gd:30-37:create_matching` <-> `addons/GAS_Engine/abilities/tasks/ability_task_wait_gameplay_effect_removed.gd:30-37:create_matching`
- 1.000 [executable]: `addons/GAS_Engine/abilities/tasks/ability_task_wait_attribute_change.gd:20-27:create` <-> `addons/GAS_Engine/abilities/tasks/ability_task_wait_tag_added.gd:19-26:create`
- 1.000 [executable]: `addons/GAS_Engine/abilities/tasks/ability_task_wait_attribute_change.gd:20-27:create` <-> `addons/GAS_Engine/abilities/tasks/ability_task_wait_tag_count_change.gd:23-30:create`
- 1.000 [executable]: `addons/GAS_Engine/abilities/tasks/ability_task_wait_attribute_change.gd:20-27:create` <-> `addons/GAS_Engine/abilities/tasks/ability_task_wait_tag_removed.gd:17-24:create`
- 1.000 [executable]: `addons/GAS_Engine/abilities/tasks/ability_task_wait_gameplay_effect_removed.gd:20-27:create` <-> `addons/GAS_Engine/abilities/tasks/ability_task_wait_gameplay_effect_stack_change.gd:16-23:create`
- 1.000 [executable]: `addons/GAS_Engine/abilities/tasks/ability_task_wait_tag_added.gd:19-26:create` <-> `addons/GAS_Engine/abilities/tasks/ability_task_wait_tag_count_change.gd:23-30:create`
- 1.000 [executable]: `addons/GAS_Engine/abilities/tasks/ability_task_wait_tag_added.gd:19-26:create` <-> `addons/GAS_Engine/abilities/tasks/ability_task_wait_tag_removed.gd:17-24:create`
- 1.000 [executable]: `addons/GAS_Engine/abilities/tasks/ability_task_wait_tag_count_change.gd:23-30:create` <-> `addons/GAS_Engine/abilities/tasks/ability_task_wait_tag_removed.gd:17-24:create`
- 1.000 [executable]: `addons/GAS_Engine/effects/components/gameplay_effect_component_removal_context.gd:1-15:<file>` <-> `addons/GAS_Engine/effects/components/gameplay_effect_component_runtime_context.gd:1-17:<file>`
- 1.000 [executable]: `addons/GAS_Engine/targeting/gameplay_overlap_request_2d.gd:1-44:<file>` <-> `addons/GAS_Engine/targeting/gameplay_overlap_request_3d.gd:1-42:<file>`
- 1.000 [executable]: `addons/GAS_Engine/targeting/gameplay_raycast_request_2d.gd:1-24:<file>` <-> `addons/GAS_Engine/targeting/gameplay_raycast_request_3d.gd:1-24:<file>`
- 1.000 [executable]: `addons/GAS_Engine/targeting/gameplay_targeting_service.gd:23-37:raycast_2d` <-> `addons/GAS_Engine/targeting/gameplay_targeting_service.gd:41-55:raycast_3d`
- 1.000 [fixture_data]: `test/fixtures/test_effect_factory.gd:364-372:apply` <-> `test/fixtures/test_effect_factory.gd:377-385:apply_result`
- 1.000 [executable]: `test/unit/test_targeting_2d.gd:110-117:_sweep` <-> `test/unit/test_targeting_3d.gd:109-116:_sweep`
- 1.000 [executable]: `test/unit/test_targeting_2d.gd:151-159:test_a_trace_keeps_the_point_and_the_normal_physics_gave_it` <-> `test/unit/test_targeting_3d.gd:149-157:test_a_trace_keeps_the_point_and_the_normal_physics_gave_it`
- 1.000 [executable]: `test/unit/test_targeting_2d.gd:179-186:test_a_sweep_stops_at_the_limit_it_was_given` <-> `test/unit/test_targeting_3d.gd:177-184:test_a_sweep_stops_at_the_limit_it_was_given`
- 1.000 [executable]: `test/unit/test_targeting_2d.gd:200-219:test_a_tag_rule_keeps_out_whoever_does_not_qualify` <-> `test/unit/test_targeting_3d.gd:198-217:test_a_tag_rule_keeps_out_whoever_does_not_qualify`

## Masked

- 1.000 [executable]: `addons/GAS_Engine/abilities/ability_lifecycle_runtime.gd:112-129:_translate` <-> `addons/GAS_Engine/effects/gameplay_effect_evaluator.gd:181-196:_translate_magnitude_status`
- 1.000 [executable]: `addons/GAS_Engine/abilities/ability_lifecycle_runtime.gd:112-129:_translate` <-> `addons/GAS_Engine/magnitudes/gameplay_attribute_based_magnitude.gd:55-64:_translate`
- 1.000 [executable]: `addons/GAS_Engine/abilities/tasks/ability_task_move_to.gd:43-51:_towards` <-> `addons/GAS_Engine/abilities/tasks/ability_task_wait_confirm_cancel.gd:24-31:create`
- 1.000 [executable]: `addons/GAS_Engine/abilities/tasks/ability_task_move_to.gd:43-51:_towards` <-> `addons/GAS_Engine/cues/gameplay_cue_params.gd:80-88:for_target`
- 1.000 [executable]: `addons/GAS_Engine/abilities/tasks/ability_task_root_motion.gd:36-44:create` <-> `addons/GAS_Engine/abilities/tasks/ability_task_wait_state.gd:31-38:create`
- 1.000 [executable]: `addons/GAS_Engine/abilities/tasks/ability_task_wait_ability_activated.gd:20-27:create` <-> `addons/GAS_Engine/abilities/tasks/ability_task_wait_ability_activated.gd:30-37:create_matching`
- 1.000 [executable]: `addons/GAS_Engine/abilities/tasks/ability_task_wait_ability_activated.gd:20-27:create` <-> `addons/GAS_Engine/abilities/tasks/ability_task_wait_ability_ended.gd:30-37:create_matching`
- 1.000 [executable]: `addons/GAS_Engine/abilities/tasks/ability_task_wait_ability_activated.gd:20-27:create` <-> `addons/GAS_Engine/abilities/tasks/ability_task_wait_attribute_change.gd:20-27:create`
- 1.000 [executable]: `addons/GAS_Engine/abilities/tasks/ability_task_wait_ability_activated.gd:20-27:create` <-> `addons/GAS_Engine/abilities/tasks/ability_task_wait_gameplay_effect_removed.gd:30-37:create_matching`
- 1.000 [executable]: `addons/GAS_Engine/abilities/tasks/ability_task_wait_ability_activated.gd:20-27:create` <-> `addons/GAS_Engine/abilities/tasks/ability_task_wait_tag_added.gd:19-26:create`
- 1.000 [executable]: `addons/GAS_Engine/abilities/tasks/ability_task_wait_ability_activated.gd:20-27:create` <-> `addons/GAS_Engine/abilities/tasks/ability_task_wait_tag_count_change.gd:23-30:create`
- 1.000 [executable]: `addons/GAS_Engine/abilities/tasks/ability_task_wait_ability_activated.gd:20-27:create` <-> `addons/GAS_Engine/abilities/tasks/ability_task_wait_tag_removed.gd:17-24:create`
- 1.000 [executable]: `addons/GAS_Engine/abilities/tasks/ability_task_wait_ability_activated.gd:30-37:create_matching` <-> `addons/GAS_Engine/abilities/tasks/ability_task_wait_ability_ended.gd:20-27:create`
- 1.000 [executable]: `addons/GAS_Engine/abilities/tasks/ability_task_wait_ability_activated.gd:30-37:create_matching` <-> `addons/GAS_Engine/abilities/tasks/ability_task_wait_attribute_change.gd:20-27:create`
- 1.000 [executable]: `addons/GAS_Engine/abilities/tasks/ability_task_wait_ability_activated.gd:30-37:create_matching` <-> `addons/GAS_Engine/abilities/tasks/ability_task_wait_gameplay_effect_removed.gd:20-27:create`
- 1.000 [executable]: `addons/GAS_Engine/abilities/tasks/ability_task_wait_ability_activated.gd:30-37:create_matching` <-> `addons/GAS_Engine/abilities/tasks/ability_task_wait_gameplay_effect_stack_change.gd:16-23:create`
- 1.000 [executable]: `addons/GAS_Engine/abilities/tasks/ability_task_wait_ability_activated.gd:30-37:create_matching` <-> `addons/GAS_Engine/abilities/tasks/ability_task_wait_tag_added.gd:19-26:create`
- 1.000 [executable]: `addons/GAS_Engine/abilities/tasks/ability_task_wait_ability_activated.gd:30-37:create_matching` <-> `addons/GAS_Engine/abilities/tasks/ability_task_wait_tag_count_change.gd:23-30:create`
- 1.000 [executable]: `addons/GAS_Engine/abilities/tasks/ability_task_wait_ability_activated.gd:30-37:create_matching` <-> `addons/GAS_Engine/abilities/tasks/ability_task_wait_tag_removed.gd:17-24:create`
- 1.000 [executable]: `addons/GAS_Engine/abilities/tasks/ability_task_wait_ability_ended.gd:20-27:create` <-> `addons/GAS_Engine/abilities/tasks/ability_task_wait_ability_ended.gd:30-37:create_matching`
- 1.000 [executable]: `addons/GAS_Engine/abilities/tasks/ability_task_wait_ability_ended.gd:20-27:create` <-> `addons/GAS_Engine/abilities/tasks/ability_task_wait_attribute_change.gd:20-27:create`
- 1.000 [executable]: `addons/GAS_Engine/abilities/tasks/ability_task_wait_ability_ended.gd:20-27:create` <-> `addons/GAS_Engine/abilities/tasks/ability_task_wait_gameplay_effect_removed.gd:30-37:create_matching`
- 1.000 [executable]: `addons/GAS_Engine/abilities/tasks/ability_task_wait_ability_ended.gd:20-27:create` <-> `addons/GAS_Engine/abilities/tasks/ability_task_wait_tag_added.gd:19-26:create`
- 1.000 [executable]: `addons/GAS_Engine/abilities/tasks/ability_task_wait_ability_ended.gd:20-27:create` <-> `addons/GAS_Engine/abilities/tasks/ability_task_wait_tag_count_change.gd:23-30:create`
- 1.000 [executable]: `addons/GAS_Engine/abilities/tasks/ability_task_wait_ability_ended.gd:20-27:create` <-> `addons/GAS_Engine/abilities/tasks/ability_task_wait_tag_removed.gd:17-24:create`
- 1.000 [executable]: `addons/GAS_Engine/abilities/tasks/ability_task_wait_ability_ended.gd:30-37:create_matching` <-> `addons/GAS_Engine/abilities/tasks/ability_task_wait_attribute_change.gd:20-27:create`
- 1.000 [executable]: `addons/GAS_Engine/abilities/tasks/ability_task_wait_ability_ended.gd:30-37:create_matching` <-> `addons/GAS_Engine/abilities/tasks/ability_task_wait_gameplay_effect_removed.gd:20-27:create`
- 1.000 [executable]: `addons/GAS_Engine/abilities/tasks/ability_task_wait_ability_ended.gd:30-37:create_matching` <-> `addons/GAS_Engine/abilities/tasks/ability_task_wait_gameplay_effect_stack_change.gd:16-23:create`
- 1.000 [executable]: `addons/GAS_Engine/abilities/tasks/ability_task_wait_ability_ended.gd:30-37:create_matching` <-> `addons/GAS_Engine/abilities/tasks/ability_task_wait_tag_added.gd:19-26:create`
- 1.000 [executable]: `addons/GAS_Engine/abilities/tasks/ability_task_wait_ability_ended.gd:30-37:create_matching` <-> `addons/GAS_Engine/abilities/tasks/ability_task_wait_tag_count_change.gd:23-30:create`
- 1.000 [executable]: `addons/GAS_Engine/abilities/tasks/ability_task_wait_ability_ended.gd:30-37:create_matching` <-> `addons/GAS_Engine/abilities/tasks/ability_task_wait_tag_removed.gd:17-24:create`
- 1.000 [executable]: `addons/GAS_Engine/abilities/tasks/ability_task_wait_attribute_change.gd:20-27:create` <-> `addons/GAS_Engine/abilities/tasks/ability_task_wait_gameplay_effect_removed.gd:20-27:create`
- 1.000 [executable]: `addons/GAS_Engine/abilities/tasks/ability_task_wait_attribute_change.gd:20-27:create` <-> `addons/GAS_Engine/abilities/tasks/ability_task_wait_gameplay_effect_removed.gd:30-37:create_matching`
- 1.000 [executable]: `addons/GAS_Engine/abilities/tasks/ability_task_wait_attribute_change.gd:20-27:create` <-> `addons/GAS_Engine/abilities/tasks/ability_task_wait_gameplay_effect_stack_change.gd:16-23:create`
- 1.000 [executable]: `addons/GAS_Engine/abilities/tasks/ability_task_wait_confirm_cancel.gd:24-31:create` <-> `addons/GAS_Engine/cues/gameplay_cue_params.gd:80-88:for_target`
- 1.000 [executable]: `addons/GAS_Engine/abilities/tasks/ability_task_wait_gameplay_effect_removed.gd:20-27:create` <-> `addons/GAS_Engine/abilities/tasks/ability_task_wait_gameplay_effect_removed.gd:30-37:create_matching`
- 1.000 [executable]: `addons/GAS_Engine/abilities/tasks/ability_task_wait_gameplay_effect_removed.gd:20-27:create` <-> `addons/GAS_Engine/abilities/tasks/ability_task_wait_tag_added.gd:19-26:create`
- 1.000 [executable]: `addons/GAS_Engine/abilities/tasks/ability_task_wait_gameplay_effect_removed.gd:20-27:create` <-> `addons/GAS_Engine/abilities/tasks/ability_task_wait_tag_count_change.gd:23-30:create`
- 1.000 [executable]: `addons/GAS_Engine/abilities/tasks/ability_task_wait_gameplay_effect_removed.gd:20-27:create` <-> `addons/GAS_Engine/abilities/tasks/ability_task_wait_tag_removed.gd:17-24:create`
- 1.000 [executable]: `addons/GAS_Engine/abilities/tasks/ability_task_wait_gameplay_effect_removed.gd:30-37:create_matching` <-> `addons/GAS_Engine/abilities/tasks/ability_task_wait_gameplay_effect_stack_change.gd:16-23:create`
- 1.000 [executable]: `addons/GAS_Engine/abilities/tasks/ability_task_wait_gameplay_effect_removed.gd:30-37:create_matching` <-> `addons/GAS_Engine/abilities/tasks/ability_task_wait_tag_added.gd:19-26:create`
- 1.000 [executable]: `addons/GAS_Engine/abilities/tasks/ability_task_wait_gameplay_effect_removed.gd:30-37:create_matching` <-> `addons/GAS_Engine/abilities/tasks/ability_task_wait_tag_count_change.gd:23-30:create`
- 1.000 [executable]: `addons/GAS_Engine/abilities/tasks/ability_task_wait_gameplay_effect_removed.gd:30-37:create_matching` <-> `addons/GAS_Engine/abilities/tasks/ability_task_wait_tag_removed.gd:17-24:create`
- 1.000 [executable]: `addons/GAS_Engine/abilities/tasks/ability_task_wait_gameplay_effect_stack_change.gd:16-23:create` <-> `addons/GAS_Engine/abilities/tasks/ability_task_wait_tag_added.gd:19-26:create`
- 1.000 [executable]: `addons/GAS_Engine/abilities/tasks/ability_task_wait_gameplay_effect_stack_change.gd:16-23:create` <-> `addons/GAS_Engine/abilities/tasks/ability_task_wait_tag_count_change.gd:23-30:create`
- 1.000 [executable]: `addons/GAS_Engine/abilities/tasks/ability_task_wait_gameplay_effect_stack_change.gd:16-23:create` <-> `addons/GAS_Engine/abilities/tasks/ability_task_wait_tag_removed.gd:17-24:create`
- 1.000 [executable]: `addons/GAS_Engine/components/ability_runtime.gd:272-288:dispose` <-> `addons/GAS_Engine/effects/gameplay_effect_runtime.gd:445-460:dispose`
- 1.000 [executable]: `addons/GAS_Engine/effects/gameplay_effect_evaluator.gd:181-196:_translate_magnitude_status` <-> `addons/GAS_Engine/magnitudes/gameplay_attribute_based_magnitude.gd:55-64:_translate`
- 1.000 [executable]: `test/unit/test_ability_task_library.gd:263-280:test_wait_ability_activated_matches_by_handle` <-> `test/unit/test_ability_task_library.gd:305-319:test_wait_ability_ended_matches_by_handle`
- 1.000 [executable]: `test/unit/test_gameplay_effect_stacking.gd:243-254:_duration_policy_cases` <-> `test/unit/test_gameplay_effect_stacking.gd:275-286:_period_policy_cases`
- 0.964 [executable]: `addons/GAS_Engine/effects/gameplay_effect_component_runtime.gd:120-142:_notify_runtime` <-> `addons/GAS_Engine/effects/gameplay_effect_component_runtime.gd:145-164:notify_removed`
- 0.957 [executable]: `test/unit/test_attribute_captures.gd:72-81:SnapshotCase._init` <-> `test/unit/test_gameplay_magnitudes.gd:93-102:SnapshotActorCase._init`
- 0.944 [executable]: `test/unit/test_gameplay_effect_stacking.gd:336-353:test_the_three_expiration_policies_govern_what_survives` <-> `test/unit/test_gameplay_effect_stacking.gd:356-371:test_turn_based_expiration_uses_remaining_turns_not_seconds`
- 0.933 [executable]: `test/unit/test_targeting_2d.gd:259-268:test_a_sweep_is_not_capped_by_the_ceiling_nobody_wrote` <-> `test/unit/test_targeting_3d.gd:242-251:test_a_sweep_is_not_capped_by_the_ceiling_nobody_wrote`
- 0.931 [executable]: `test/unit/test_smoke.gd:107-136:test_legacy_default_paths_migrate_to_gas_engine_defaults` <-> `test/unit/test_smoke.gd:139-165:test_legacy_custom_path_is_preserved_during_namespace_migration`
- 0.925 [executable]: `test/unit/test_ability_task_library.gd:285-301:test_wait_ability_ended_matches_by_tag_query` <-> `test/unit/test_ability_task_library.gd:323-339:test_wait_ability_activated_matches_by_tag_query`
- 0.922 [executable]: `test/unit/test_gameplay_effect_inhibition.gd:215-231:_periodic_policy_cases` <-> `test/unit/test_gameplay_effect_stacking.gd:243-254:_duration_policy_cases`
- 0.922 [executable]: `test/unit/test_gameplay_effect_inhibition.gd:215-231:_periodic_policy_cases` <-> `test/unit/test_gameplay_effect_stacking.gd:275-286:_period_policy_cases`
- 0.907 [executable]: `addons/GAS_Engine/abilities/tasks/ability_task_wait_ability_activated.gd:20-27:create` <-> `addons/GAS_Engine/abilities/tasks/ability_task_wait_tag_query.gd:18-29:create`
- 0.907 [executable]: `addons/GAS_Engine/abilities/tasks/ability_task_wait_ability_activated.gd:30-37:create_matching` <-> `addons/GAS_Engine/abilities/tasks/ability_task_wait_tag_query.gd:18-29:create`
- 0.907 [executable]: `addons/GAS_Engine/abilities/tasks/ability_task_wait_ability_ended.gd:20-27:create` <-> `addons/GAS_Engine/abilities/tasks/ability_task_wait_tag_query.gd:18-29:create`
- 0.907 [executable]: `addons/GAS_Engine/abilities/tasks/ability_task_wait_ability_ended.gd:30-37:create_matching` <-> `addons/GAS_Engine/abilities/tasks/ability_task_wait_tag_query.gd:18-29:create`
- 0.907 [executable]: `addons/GAS_Engine/abilities/tasks/ability_task_wait_attribute_change.gd:20-27:create` <-> `addons/GAS_Engine/abilities/tasks/ability_task_wait_tag_query.gd:18-29:create`
- 0.907 [executable]: `addons/GAS_Engine/abilities/tasks/ability_task_wait_gameplay_effect_removed.gd:20-27:create` <-> `addons/GAS_Engine/abilities/tasks/ability_task_wait_tag_query.gd:18-29:create`
- 0.907 [executable]: `addons/GAS_Engine/abilities/tasks/ability_task_wait_gameplay_effect_removed.gd:30-37:create_matching` <-> `addons/GAS_Engine/abilities/tasks/ability_task_wait_tag_query.gd:18-29:create`
- 0.907 [executable]: `addons/GAS_Engine/abilities/tasks/ability_task_wait_gameplay_effect_stack_change.gd:16-23:create` <-> `addons/GAS_Engine/abilities/tasks/ability_task_wait_tag_query.gd:18-29:create`
- 0.907 [executable]: `addons/GAS_Engine/abilities/tasks/ability_task_wait_tag_added.gd:19-26:create` <-> `addons/GAS_Engine/abilities/tasks/ability_task_wait_tag_query.gd:18-29:create`
- 0.907 [executable]: `addons/GAS_Engine/abilities/tasks/ability_task_wait_tag_count_change.gd:23-30:create` <-> `addons/GAS_Engine/abilities/tasks/ability_task_wait_tag_query.gd:18-29:create`
- 0.907 [executable]: `addons/GAS_Engine/abilities/tasks/ability_task_wait_tag_query.gd:18-29:create` <-> `addons/GAS_Engine/abilities/tasks/ability_task_wait_tag_removed.gd:17-24:create`
- 0.906 [executable]: `addons/GAS_Engine/abilities/ability_lifecycle_runtime.gd:112-129:_translate` <-> `addons/GAS_Engine/networking/gameplay_net_authority.gd:39-48:client_start`
- 0.906 [executable]: `addons/GAS_Engine/effects/gameplay_effect_evaluator.gd:181-196:_translate_magnitude_status` <-> `addons/GAS_Engine/networking/gameplay_net_authority.gd:39-48:client_start`
- 0.906 [executable]: `addons/GAS_Engine/magnitudes/gameplay_attribute_based_magnitude.gd:55-64:_translate` <-> `addons/GAS_Engine/networking/gameplay_net_authority.gd:39-48:client_start`
- 0.906 [executable]: `addons/GAS_Engine/abilities/tasks/ability_task_wait_ability_activated.gd:20-27:create` <-> `addons/GAS_Engine/abilities/tasks/ability_task_wait_ability_commit.gd:24-33:create`
- 0.906 [executable]: `addons/GAS_Engine/abilities/tasks/ability_task_wait_ability_activated.gd:30-37:create_matching` <-> `addons/GAS_Engine/abilities/tasks/ability_task_wait_ability_commit.gd:24-33:create`
- 0.906 [executable]: `addons/GAS_Engine/abilities/tasks/ability_task_wait_ability_commit.gd:24-33:create` <-> `addons/GAS_Engine/abilities/tasks/ability_task_wait_ability_ended.gd:20-27:create`
- 0.906 [executable]: `addons/GAS_Engine/abilities/tasks/ability_task_wait_ability_commit.gd:24-33:create` <-> `addons/GAS_Engine/abilities/tasks/ability_task_wait_ability_ended.gd:30-37:create_matching`
- 0.906 [executable]: `addons/GAS_Engine/abilities/tasks/ability_task_wait_ability_commit.gd:24-33:create` <-> `addons/GAS_Engine/abilities/tasks/ability_task_wait_attribute_change.gd:20-27:create`
- 0.906 [executable]: `addons/GAS_Engine/abilities/tasks/ability_task_wait_ability_commit.gd:24-33:create` <-> `addons/GAS_Engine/abilities/tasks/ability_task_wait_gameplay_effect_removed.gd:20-27:create`
- 0.906 [executable]: `addons/GAS_Engine/abilities/tasks/ability_task_wait_ability_commit.gd:24-33:create` <-> `addons/GAS_Engine/abilities/tasks/ability_task_wait_gameplay_effect_removed.gd:30-37:create_matching`
- 0.906 [executable]: `addons/GAS_Engine/abilities/tasks/ability_task_wait_ability_commit.gd:24-33:create` <-> `addons/GAS_Engine/abilities/tasks/ability_task_wait_gameplay_effect_stack_change.gd:16-23:create`
- 0.906 [executable]: `addons/GAS_Engine/abilities/tasks/ability_task_wait_ability_commit.gd:24-33:create` <-> `addons/GAS_Engine/abilities/tasks/ability_task_wait_tag_added.gd:19-26:create`
- 0.906 [executable]: `addons/GAS_Engine/abilities/tasks/ability_task_wait_ability_commit.gd:24-33:create` <-> `addons/GAS_Engine/abilities/tasks/ability_task_wait_tag_count_change.gd:23-30:create`
- 0.906 [executable]: `addons/GAS_Engine/abilities/tasks/ability_task_wait_ability_commit.gd:24-33:create` <-> `addons/GAS_Engine/abilities/tasks/ability_task_wait_tag_removed.gd:17-24:create`
- 0.903 [executable]: `test/unit/test_ability_activation_policies.gd:109-117:test_passive_waits_for_its_required_tag` <-> `test/unit/test_ability_activation_policies.gd:132-144:test_passive_restarts_once_conditions_are_satisfied_again`
- 0.898 [executable]: `addons/GAS_Engine/targeting/gameplay_targeting_service.gd:61-82:overlap_2d` <-> `addons/GAS_Engine/targeting/gameplay_targeting_service.gd:86-107:overlap_3d`
- 0.893 [executable]: `test/unit/test_gameplay_live_magnitudes.gd:55-67:test_live_instant_resolves_fresh_each_time_without_a_binding` <-> `test/unit/test_gameplay_live_magnitudes.gd:140-151:test_snapshot_persistent_contribution_does_not_change`
- 0.878 [executable]: `addons/GAS_Engine/networking/gameplay_prediction_operation.gd:82-93:_of` <-> `test/unit/test_refusal_statuses.gd:37-44:_cost`
- 0.875 [executable]: `test/unit/test_ability_tag_semantics.gd:101-113:test_activating_an_ability_cancels_others_matching_its_cancel_query` <-> `test/unit/test_ability_tag_semantics.gd:189-202:test_a_cancel_ability_tags_effect_cancels_matching_active_abilities`
- 0.872 [executable]: `addons/GAS_Engine/abilities/tasks/ability_task_spawn_actor.gd:39-46:create` <-> `test/fixtures/test_effect_factory.gd:298-305:conditional_effect`
- 0.869 [executable]: `test/parity/contracts/gameplay_parity_contracts.gd:43-60:_an_instant_effect_changes_the_base_and_leaves_nothing_running` <-> `test/parity/contracts/gameplay_parity_contracts.gd:176-201:_a_multiplying_modifier_composes_after_the_additive_ones`
- 0.868 [executable]: `test/unit/test_ability_lifecycle.gd:130-139:test_cancel_immediately_aborts_a_running_instance_and_drops_the_spec` <-> `test/unit/test_ability_lifecycle.gd:142-156:test_after_active_end_lets_a_running_instance_finish_first`
- 0.865 [executable]: `addons/GAS_Engine/abilities/tasks/ability_task_factory.gd:33-45:wait_attribute_threshold` <-> `addons/GAS_Engine/abilities/tasks/ability_task_factory.gd:227-235:play_animation_and_wait`

## Behavioral

- 1.000 [executable]: `addons/GAS_Engine/abilities/ability_instancing_runtime.gd:69-78:release_execution_instance` <-> `addons/GAS_Engine/editor/composer/composer_menus.gd:90-99:_on_dragged`
- 1.000 [executable]: `addons/GAS_Engine/abilities/costs/gameplay_resolved_cost_entry.gd:1-24:<file>` <-> `addons/GAS_Engine/targeting/gameplay_raycast_request_2d.gd:1-24:<file>`
- 1.000 [executable]: `addons/GAS_Engine/abilities/costs/gameplay_resolved_cost_entry.gd:1-24:<file>` <-> `addons/GAS_Engine/targeting/gameplay_raycast_request_3d.gd:1-24:<file>`
- 1.000 [executable]: `addons/GAS_Engine/abilities/gameplay_ability_event_trigger.gd:19-26:for_tag` <-> `addons/GAS_Engine/abilities/tasks/ability_task_play_animation_and_wait.gd:55-66:create`
- 1.000 [executable]: `addons/GAS_Engine/abilities/gameplay_ability_event_trigger.gd:19-26:for_tag` <-> `addons/GAS_Engine/abilities/tasks/ability_task_root_motion.gd:36-44:create`
- 1.000 [executable]: `addons/GAS_Engine/abilities/gameplay_ability_event_trigger.gd:19-26:for_tag` <-> `addons/GAS_Engine/editor/composer/composer_validator.gd:226-238:_at`
- 1.000 [executable]: `addons/GAS_Engine/abilities/gameplay_ability_event_trigger.gd:19-26:for_tag` <-> `test/fixtures/test_effect_factory.gd:298-305:conditional_effect`
- 1.000 [executable]: `addons/GAS_Engine/abilities/gameplay_ability_event_trigger.gd:19-26:for_tag` <-> `test/fixtures/test_effect_factory.gd:96-104:turn_based`
- 1.000 [executable]: `addons/GAS_Engine/abilities/gameplay_ability_event_trigger.gd:19-26:for_tag` <-> `test/unit/test_attribute_evaluation.gd:58-65:_request`
- 1.000 [executable]: `addons/GAS_Engine/abilities/gameplay_ability_event_trigger.gd:19-26:for_tag` <-> `test/unit/test_composer_creation.gd:46-58:_context`
- 1.000 [executable]: `addons/GAS_Engine/abilities/gameplay_ability_event_trigger.gd:19-26:for_tag` <-> `test/unit/test_gameplay_ability_cost_resolver.gd:42-51:_percent_of_current`
- 1.000 [executable]: `addons/GAS_Engine/abilities/gameplay_ability_event_trigger.gd:19-26:for_tag` <-> `test/unit/test_quest_system_bridge.gd:71-78:_binding`
- 1.000 [executable]: `addons/GAS_Engine/abilities/gameplay_ability_event_trigger.gd:19-26:for_tag` <-> `test/unit/test_refusal_statuses.gd:37-44:_cost`
- 1.000 [executable]: `addons/GAS_Engine/abilities/tasks/ability_task_factory.gd:108-118:wait_gameplay_effect_applied` <-> `addons/GAS_Engine/abilities/tasks/ability_task_factory.gd:288-297:network_sync_point`
- 1.000 [executable]: `addons/GAS_Engine/abilities/tasks/ability_task_factory.gd:33-45:wait_attribute_threshold` <-> `addons/GAS_Engine/abilities/tasks/ability_task_factory.gd:49-63:wait_attribute_ratio_threshold`
- 1.000 [executable]: `addons/GAS_Engine/abilities/tasks/ability_task_factory.gd:85-93:wait_tag_query` <-> `addons/GAS_Engine/abilities/tasks/ability_task_factory.gd:196-203:wait_ability_commit`
- 1.000 [executable]: `addons/GAS_Engine/abilities/tasks/ability_task_move_to.gd:43-51:_towards` <-> `addons/GAS_Engine/abilities/tasks/ability_task_spawn_actor.gd:39-46:create`
- 1.000 [executable]: `addons/GAS_Engine/abilities/tasks/ability_task_move_to.gd:43-51:_towards` <-> `addons/GAS_Engine/abilities/tasks/ability_task_wait_state.gd:31-38:create`
- 1.000 [executable]: `addons/GAS_Engine/abilities/tasks/ability_task_move_to.gd:43-51:_towards` <-> `addons/GAS_Engine/editor/composer/composer_reader.gd:445-454:wire`
- 1.000 [executable]: `addons/GAS_Engine/abilities/tasks/ability_task_move_to.gd:43-51:_towards` <-> `addons/GAS_Engine/networking/gameplay_prediction_operation.gd:82-93:_of`
- 1.000 [executable]: `addons/GAS_Engine/abilities/tasks/ability_task_move_to.gd:43-51:_towards` <-> `test/fixtures/test_effect_factory.gd:257-266:stacked`
- 1.000 [executable]: `addons/GAS_Engine/abilities/tasks/ability_task_move_to.gd:43-51:_towards` <-> `test/fixtures/test_effect_factory.gd:269-278:with_overflow_effects`
- 1.000 [executable]: `addons/GAS_Engine/abilities/tasks/ability_task_move_to.gd:43-51:_towards` <-> `test/unit/test_composer_graph.gd:22-30:_field`
- 1.000 [executable]: `addons/GAS_Engine/abilities/tasks/ability_task_network_sync_point.gd:56-67:create` <-> `addons/GAS_Engine/effects/gameplay_effect_application_result.gd:51-62:failure`
- 1.000 [executable]: `addons/GAS_Engine/abilities/tasks/ability_task_play_animation_and_wait.gd:55-66:create` <-> `addons/GAS_Engine/abilities/tasks/ability_task_root_motion.gd:36-44:create`
- 1.000 [executable]: `addons/GAS_Engine/abilities/tasks/ability_task_play_animation_and_wait.gd:55-66:create` <-> `test/fixtures/test_effect_factory.gd:298-305:conditional_effect`
- 1.000 [executable]: `addons/GAS_Engine/abilities/tasks/ability_task_play_animation_and_wait.gd:55-66:create` <-> `test/fixtures/test_effect_factory.gd:96-104:turn_based`
- 1.000 [executable]: `addons/GAS_Engine/abilities/tasks/ability_task_play_animation_and_wait.gd:55-66:create` <-> `test/unit/test_attribute_evaluation.gd:58-65:_request`
- 1.000 [executable]: `addons/GAS_Engine/abilities/tasks/ability_task_play_animation_and_wait.gd:55-66:create` <-> `test/unit/test_composer_creation.gd:46-58:_context`
- 1.000 [executable]: `addons/GAS_Engine/abilities/tasks/ability_task_play_animation_and_wait.gd:55-66:create` <-> `test/unit/test_gameplay_ability_cost_resolver.gd:42-51:_percent_of_current`
- 1.000 [executable]: `addons/GAS_Engine/abilities/tasks/ability_task_play_animation_and_wait.gd:55-66:create` <-> `test/unit/test_quest_system_bridge.gd:71-78:_binding`
- 1.000 [executable]: `addons/GAS_Engine/abilities/tasks/ability_task_play_animation_and_wait.gd:55-66:create` <-> `test/unit/test_refusal_statuses.gd:37-44:_cost`
- 1.000 [executable]: `addons/GAS_Engine/abilities/tasks/ability_task_root_motion.gd:36-44:create` <-> `test/fixtures/test_effect_factory.gd:298-305:conditional_effect`
- 1.000 [executable]: `addons/GAS_Engine/abilities/tasks/ability_task_root_motion.gd:36-44:create` <-> `test/fixtures/test_effect_factory.gd:96-104:turn_based`
- 1.000 [executable]: `addons/GAS_Engine/abilities/tasks/ability_task_root_motion.gd:36-44:create` <-> `test/unit/test_attribute_evaluation.gd:58-65:_request`
- 1.000 [executable]: `addons/GAS_Engine/abilities/tasks/ability_task_root_motion.gd:36-44:create` <-> `test/unit/test_composer_creation.gd:46-58:_context`
- 1.000 [executable]: `addons/GAS_Engine/abilities/tasks/ability_task_root_motion.gd:36-44:create` <-> `test/unit/test_gameplay_ability_cost_resolver.gd:42-51:_percent_of_current`
- 1.000 [executable]: `addons/GAS_Engine/abilities/tasks/ability_task_root_motion.gd:36-44:create` <-> `test/unit/test_quest_system_bridge.gd:71-78:_binding`
- 1.000 [executable]: `addons/GAS_Engine/abilities/tasks/ability_task_root_motion.gd:36-44:create` <-> `test/unit/test_refusal_statuses.gd:37-44:_cost`
- 1.000 [executable]: `addons/GAS_Engine/abilities/tasks/ability_task_spawn_actor.gd:39-46:create` <-> `addons/GAS_Engine/abilities/tasks/ability_task_wait_state.gd:31-38:create`
- 1.000 [executable]: `addons/GAS_Engine/abilities/tasks/ability_task_spawn_actor.gd:39-46:create` <-> `addons/GAS_Engine/cues/gameplay_cue_params.gd:80-88:for_target`
- 1.000 [executable]: `addons/GAS_Engine/abilities/tasks/ability_task_spawn_actor.gd:39-46:create` <-> `addons/GAS_Engine/editor/composer/composer_reader.gd:445-454:wire`
- 1.000 [executable]: `addons/GAS_Engine/abilities/tasks/ability_task_spawn_actor.gd:39-46:create` <-> `addons/GAS_Engine/networking/gameplay_prediction_operation.gd:82-93:_of`
- 1.000 [executable]: `addons/GAS_Engine/abilities/tasks/ability_task_spawn_actor.gd:39-46:create` <-> `test/fixtures/test_effect_factory.gd:257-266:stacked`
- 1.000 [executable]: `addons/GAS_Engine/abilities/tasks/ability_task_spawn_actor.gd:39-46:create` <-> `test/fixtures/test_effect_factory.gd:269-278:with_overflow_effects`
- 1.000 [executable]: `addons/GAS_Engine/abilities/tasks/ability_task_spawn_actor.gd:39-46:create` <-> `test/unit/test_composer_graph.gd:22-30:_field`
- 0.938 [executable]: `addons/GAS_Engine/abilities/tasks/ability_task_network_sync_point.gd:97-106:_on_answered` <-> `addons/GAS_Engine/managers/gameplay_cue_manager.gd:129-136:deactivate_persistent_cue`
- 0.917 [executable]: `addons/GAS_Engine/abilities/tasks/ability_task_network_sync_point.gd:56-67:create` <-> `test/fixtures/test_effect_factory.gd:392-403:capture_definition`
- 0.917 [executable]: `addons/GAS_Engine/abilities/tasks/ability_task_network_sync_point.gd:56-67:create` <-> `test/unit/test_typed_execution_output.gd:80-92:_write`
- 0.917 [executable]: `addons/GAS_Engine/abilities/tasks/ability_task_repeat.gd:28-35:create` <-> `test/unit/test_targeting_2d.gd:110-117:_sweep`
- 0.917 [executable]: `addons/GAS_Engine/abilities/tasks/ability_task_repeat.gd:28-35:create` <-> `test/unit/test_targeting_3d.gd:109-116:_sweep`
- 0.909 [executable]: `addons/GAS_Engine/abilities/gameplay_ability_event_trigger.gd:19-26:for_tag` <-> `addons/GAS_Engine/editor/composer/composer_node_fields.gd:165-175:_field`
- 0.909 [executable]: `addons/GAS_Engine/abilities/gameplay_ability_event_trigger.gd:19-26:for_tag` <-> `addons/GAS_Engine/editor/composer/composer_value_editor.gd:94-102:_copy_of`
- 0.909 [executable]: `addons/GAS_Engine/abilities/gameplay_ability_event_trigger.gd:19-26:for_tag` <-> `test/fixtures/composer_sample_graph.gd:99-107:support`
- 0.909 [executable]: `addons/GAS_Engine/abilities/gameplay_ability_event_trigger.gd:19-26:for_tag` <-> `test/fixtures/test_effect_factory.gd:392-403:capture_definition`
- 0.909 [executable]: `addons/GAS_Engine/abilities/gameplay_ability_event_trigger.gd:19-26:for_tag` <-> `test/unit/test_gameplay_effect_components.gd:185-194:_refusal_stage_cases`
- 0.909 [executable]: `addons/GAS_Engine/abilities/gameplay_ability_event_trigger.gd:19-26:for_tag` <-> `test/unit/test_typed_execution_output.gd:132-139:_evaluate`
- 0.909 [executable]: `addons/GAS_Engine/abilities/gameplay_ability_event_trigger.gd:19-26:for_tag` <-> `test/unit/test_typed_execution_output.gd:80-92:_write`
- 0.909 [executable]: `addons/GAS_Engine/abilities/tasks/ability_task_play_animation_and_wait.gd:55-66:create` <-> `test/fixtures/test_effect_factory.gd:392-403:capture_definition`
- 0.909 [executable]: `addons/GAS_Engine/abilities/tasks/ability_task_play_animation_and_wait.gd:55-66:create` <-> `test/unit/test_gameplay_effect_components.gd:185-194:_refusal_stage_cases`
- 0.909 [executable]: `addons/GAS_Engine/abilities/tasks/ability_task_play_animation_and_wait.gd:55-66:create` <-> `test/unit/test_typed_execution_output.gd:132-139:_evaluate`
- 0.909 [executable]: `addons/GAS_Engine/abilities/tasks/ability_task_play_animation_and_wait.gd:55-66:create` <-> `test/unit/test_typed_execution_output.gd:80-92:_write`
- 0.909 [executable]: `addons/GAS_Engine/abilities/tasks/ability_task_root_motion.gd:36-44:create` <-> `test/fixtures/test_effect_factory.gd:392-403:capture_definition`
- 0.909 [executable]: `addons/GAS_Engine/abilities/tasks/ability_task_root_motion.gd:36-44:create` <-> `test/unit/test_gameplay_effect_components.gd:185-194:_refusal_stage_cases`
- 0.909 [executable]: `addons/GAS_Engine/abilities/tasks/ability_task_root_motion.gd:36-44:create` <-> `test/unit/test_typed_execution_output.gd:132-139:_evaluate`
- 0.909 [executable]: `addons/GAS_Engine/abilities/tasks/ability_task_root_motion.gd:36-44:create` <-> `test/unit/test_typed_execution_output.gd:80-92:_write`
- 0.900 [executable]: `addons/GAS_Engine/abilities/ability_commit_preflight.gd:40-50:as_commit_status` <-> `addons/GAS_Engine/effects/gameplay_effect_evaluator.gd:181-196:_translate_magnitude_status`
- 0.900 [executable]: `addons/GAS_Engine/abilities/gameplay_ability_event_trigger.gd:19-26:for_tag` <-> `addons/GAS_Engine/abilities/tasks/ability_task_move_to.gd:43-51:_towards`
- 0.900 [executable]: `addons/GAS_Engine/abilities/gameplay_ability_event_trigger.gd:19-26:for_tag` <-> `addons/GAS_Engine/abilities/tasks/ability_task_spawn_actor.gd:39-46:create`
- 0.900 [executable]: `addons/GAS_Engine/abilities/gameplay_ability_event_trigger.gd:19-26:for_tag` <-> `addons/GAS_Engine/abilities/tasks/ability_task_wait_state.gd:31-38:create`
- 0.900 [executable]: `addons/GAS_Engine/abilities/gameplay_ability_event_trigger.gd:19-26:for_tag` <-> `addons/GAS_Engine/cues/gameplay_cue_params.gd:80-88:for_target`
- 0.900 [executable]: `addons/GAS_Engine/abilities/gameplay_ability_event_trigger.gd:19-26:for_tag` <-> `addons/GAS_Engine/editor/composer/composer_reader.gd:445-454:wire`
- 0.900 [executable]: `addons/GAS_Engine/abilities/gameplay_ability_event_trigger.gd:19-26:for_tag` <-> `addons/GAS_Engine/networking/gameplay_prediction_operation.gd:82-93:_of`
- 0.900 [executable]: `addons/GAS_Engine/abilities/gameplay_ability_event_trigger.gd:19-26:for_tag` <-> `test/fixtures/test_effect_factory.gd:257-266:stacked`
- 0.900 [executable]: `addons/GAS_Engine/abilities/gameplay_ability_event_trigger.gd:19-26:for_tag` <-> `test/fixtures/test_effect_factory.gd:269-278:with_overflow_effects`
- 0.900 [executable]: `addons/GAS_Engine/abilities/gameplay_ability_event_trigger.gd:19-26:for_tag` <-> `test/unit/test_composer_graph.gd:22-30:_field`
- 0.900 [executable]: `addons/GAS_Engine/abilities/tasks/ability_task_factory.gd:108-118:wait_gameplay_effect_applied` <-> `addons/GAS_Engine/abilities/tasks/ability_task_factory.gd:196-203:wait_ability_commit`
- 0.900 [executable]: `addons/GAS_Engine/abilities/tasks/ability_task_factory.gd:196-203:wait_ability_commit` <-> `addons/GAS_Engine/abilities/tasks/ability_task_factory.gd:288-297:network_sync_point`
- 0.900 [executable]: `addons/GAS_Engine/abilities/tasks/ability_task_factory.gd:85-93:wait_tag_query` <-> `addons/GAS_Engine/abilities/tasks/ability_task_factory.gd:108-118:wait_gameplay_effect_applied`
- 0.900 [executable]: `addons/GAS_Engine/abilities/tasks/ability_task_factory.gd:85-93:wait_tag_query` <-> `addons/GAS_Engine/abilities/tasks/ability_task_factory.gd:288-297:network_sync_point`
- 0.900 [executable]: `addons/GAS_Engine/abilities/tasks/ability_task_move_to.gd:43-51:_towards` <-> `addons/GAS_Engine/abilities/tasks/ability_task_play_animation_and_wait.gd:55-66:create`
- 0.900 [executable]: `addons/GAS_Engine/abilities/tasks/ability_task_move_to.gd:43-51:_towards` <-> `addons/GAS_Engine/abilities/tasks/ability_task_root_motion.gd:36-44:create`
- 0.900 [executable]: `addons/GAS_Engine/abilities/tasks/ability_task_move_to.gd:43-51:_towards` <-> `test/fixtures/test_effect_factory.gd:298-305:conditional_effect`
- 0.900 [executable]: `addons/GAS_Engine/abilities/tasks/ability_task_move_to.gd:43-51:_towards` <-> `test/fixtures/test_effect_factory.gd:96-104:turn_based`
- 0.900 [executable]: `addons/GAS_Engine/abilities/tasks/ability_task_move_to.gd:43-51:_towards` <-> `test/unit/test_attribute_evaluation.gd:58-65:_request`
- 0.900 [executable]: `addons/GAS_Engine/abilities/tasks/ability_task_move_to.gd:43-51:_towards` <-> `test/unit/test_composer_creation.gd:46-58:_context`
- 0.900 [executable]: `addons/GAS_Engine/abilities/tasks/ability_task_move_to.gd:43-51:_towards` <-> `test/unit/test_gameplay_ability_cost_resolver.gd:42-51:_percent_of_current`
- 0.900 [executable]: `addons/GAS_Engine/abilities/tasks/ability_task_move_to.gd:43-51:_towards` <-> `test/unit/test_quest_system_bridge.gd:71-78:_binding`
- 0.900 [executable]: `addons/GAS_Engine/abilities/tasks/ability_task_move_to.gd:43-51:_towards` <-> `test/unit/test_refusal_statuses.gd:37-44:_cost`
- 0.900 [executable]: `addons/GAS_Engine/abilities/tasks/ability_task_move_to.gd:43-51:_towards` <-> `test/unit/test_target_data.gd:49-57:_space_cases`
- 0.900 [executable]: `addons/GAS_Engine/abilities/tasks/ability_task_play_animation_and_wait.gd:55-66:create` <-> `addons/GAS_Engine/abilities/tasks/ability_task_spawn_actor.gd:39-46:create`
- 0.900 [executable]: `addons/GAS_Engine/abilities/tasks/ability_task_play_animation_and_wait.gd:55-66:create` <-> `addons/GAS_Engine/abilities/tasks/ability_task_wait_state.gd:31-38:create`
- 0.900 [executable]: `addons/GAS_Engine/abilities/tasks/ability_task_play_animation_and_wait.gd:55-66:create` <-> `addons/GAS_Engine/cues/gameplay_cue_params.gd:80-88:for_target`
- 0.900 [executable]: `addons/GAS_Engine/abilities/tasks/ability_task_play_animation_and_wait.gd:55-66:create` <-> `addons/GAS_Engine/editor/composer/composer_reader.gd:445-454:wire`
- 0.900 [executable]: `addons/GAS_Engine/abilities/tasks/ability_task_play_animation_and_wait.gd:55-66:create` <-> `addons/GAS_Engine/networking/gameplay_prediction_operation.gd:82-93:_of`
- 0.900 [executable]: `addons/GAS_Engine/abilities/tasks/ability_task_play_animation_and_wait.gd:55-66:create` <-> `test/fixtures/test_effect_factory.gd:257-266:stacked`
- 0.900 [executable]: `addons/GAS_Engine/abilities/tasks/ability_task_play_animation_and_wait.gd:55-66:create` <-> `test/fixtures/test_effect_factory.gd:269-278:with_overflow_effects`
- 0.900 [executable]: `addons/GAS_Engine/abilities/tasks/ability_task_play_animation_and_wait.gd:55-66:create` <-> `test/unit/test_composer_graph.gd:22-30:_field`
- 0.900 [executable]: `addons/GAS_Engine/abilities/tasks/ability_task_root_motion.gd:36-44:create` <-> `addons/GAS_Engine/abilities/tasks/ability_task_spawn_actor.gd:39-46:create`
- 0.900 [executable]: `addons/GAS_Engine/abilities/tasks/ability_task_root_motion.gd:36-44:create` <-> `addons/GAS_Engine/cues/gameplay_cue_params.gd:80-88:for_target`
- 0.900 [executable]: `addons/GAS_Engine/abilities/tasks/ability_task_root_motion.gd:36-44:create` <-> `addons/GAS_Engine/editor/composer/composer_reader.gd:445-454:wire`
- 0.900 [executable]: `addons/GAS_Engine/abilities/tasks/ability_task_root_motion.gd:36-44:create` <-> `addons/GAS_Engine/networking/gameplay_prediction_operation.gd:82-93:_of`
- 0.900 [executable]: `addons/GAS_Engine/abilities/tasks/ability_task_root_motion.gd:36-44:create` <-> `test/fixtures/test_effect_factory.gd:257-266:stacked`
- 0.900 [executable]: `addons/GAS_Engine/abilities/tasks/ability_task_root_motion.gd:36-44:create` <-> `test/fixtures/test_effect_factory.gd:269-278:with_overflow_effects`
- 0.900 [executable]: `addons/GAS_Engine/abilities/tasks/ability_task_root_motion.gd:36-44:create` <-> `test/unit/test_composer_graph.gd:22-30:_field`
- 0.900 [executable]: `addons/GAS_Engine/abilities/tasks/ability_task_spawn_actor.gd:39-46:create` <-> `test/fixtures/test_effect_factory.gd:96-104:turn_based`
- 0.900 [executable]: `addons/GAS_Engine/abilities/tasks/ability_task_spawn_actor.gd:39-46:create` <-> `test/unit/test_attribute_evaluation.gd:58-65:_request`
- 0.900 [executable]: `addons/GAS_Engine/abilities/tasks/ability_task_spawn_actor.gd:39-46:create` <-> `test/unit/test_composer_creation.gd:46-58:_context`
- 0.900 [executable]: `addons/GAS_Engine/abilities/tasks/ability_task_spawn_actor.gd:39-46:create` <-> `test/unit/test_gameplay_ability_cost_resolver.gd:42-51:_percent_of_current`
- 0.900 [executable]: `addons/GAS_Engine/abilities/tasks/ability_task_spawn_actor.gd:39-46:create` <-> `test/unit/test_quest_system_bridge.gd:71-78:_binding`
- 0.900 [executable]: `addons/GAS_Engine/abilities/tasks/ability_task_spawn_actor.gd:39-46:create` <-> `test/unit/test_refusal_statuses.gd:37-44:_cost`
- 0.900 [executable]: `addons/GAS_Engine/abilities/tasks/ability_task_spawn_actor.gd:39-46:create` <-> `test/unit/test_target_data.gd:49-57:_space_cases`
- 0.889 [executable]: `addons/GAS_Engine/abilities/ability_commit_preflight.gd:40-50:as_commit_status` <-> `addons/GAS_Engine/magnitudes/gameplay_attribute_based_magnitude.gd:55-64:_translate`
- 0.889 [executable]: `addons/GAS_Engine/abilities/ability_commit_preflight.gd:40-50:as_commit_status` <-> `addons/GAS_Engine/networking/gameplay_net_authority.gd:39-48:client_start`
- 0.889 [executable]: `addons/GAS_Engine/abilities/prepared_ability_grant.gd:1-27:<file>` <-> `addons/GAS_Engine/targeting/gameplay_overlap_request_2d.gd:1-44:<file>`
- 0.889 [executable]: `addons/GAS_Engine/abilities/prepared_ability_grant.gd:1-27:<file>` <-> `addons/GAS_Engine/targeting/gameplay_overlap_request_3d.gd:1-42:<file>`
- 0.889 [executable]: `addons/GAS_Engine/abilities/tasks/ability_task_factory.gd:196-203:wait_ability_commit` <-> `addons/GAS_Engine/abilities/tasks/ability_task_factory.gd:227-235:play_animation_and_wait`
- 0.889 [executable]: `addons/GAS_Engine/abilities/tasks/ability_task_factory.gd:85-93:wait_tag_query` <-> `addons/GAS_Engine/abilities/tasks/ability_task_factory.gd:227-235:play_animation_and_wait`
- 0.889 [executable]: `addons/GAS_Engine/abilities/tasks/ability_task_move_to.gd:43-51:_towards` <-> `addons/GAS_Engine/editor/composer/composer_reader.gd:433-440:port`
- 0.889 [executable]: `addons/GAS_Engine/abilities/tasks/ability_task_move_to.gd:43-51:_towards` <-> `addons/GAS_Engine/effects/components/gameplay_effect_component_validation_result.gd:28-35:invalid`
- 0.889 [executable]: `addons/GAS_Engine/abilities/tasks/ability_task_move_to.gd:43-51:_towards` <-> `test/fixtures/test_effect_factory.gd:288-295:with_stack_clock_policies`
- 0.889 [executable]: `addons/GAS_Engine/abilities/tasks/ability_task_move_to.gd:43-51:_towards` <-> `test/fixtures/test_effect_factory.gd:61-68:duration`
- 0.889 [executable]: `addons/GAS_Engine/abilities/tasks/ability_task_move_to.gd:43-51:_towards` <-> `test/unit/test_composer_action_menu.gd:19-28:_context`
- 0.889 [executable]: `addons/GAS_Engine/abilities/tasks/ability_task_spawn_actor.gd:39-46:create` <-> `addons/GAS_Engine/abilities/tasks/ability_task_wait_confirm_cancel.gd:24-31:create`
- 0.889 [executable]: `addons/GAS_Engine/abilities/tasks/ability_task_spawn_actor.gd:39-46:create` <-> `addons/GAS_Engine/editor/composer/composer_reader.gd:433-440:port`
- 0.889 [executable]: `addons/GAS_Engine/abilities/tasks/ability_task_spawn_actor.gd:39-46:create` <-> `addons/GAS_Engine/effects/components/gameplay_effect_component_validation_result.gd:28-35:invalid`
- 0.889 [executable]: `addons/GAS_Engine/abilities/tasks/ability_task_spawn_actor.gd:39-46:create` <-> `test/fixtures/test_effect_factory.gd:288-295:with_stack_clock_policies`
- 0.889 [executable]: `addons/GAS_Engine/abilities/tasks/ability_task_spawn_actor.gd:39-46:create` <-> `test/fixtures/test_effect_factory.gd:61-68:duration`
- 0.889 [executable]: `addons/GAS_Engine/abilities/tasks/ability_task_spawn_actor.gd:39-46:create` <-> `test/unit/test_composer_action_menu.gd:19-28:_context`
- 0.875 [executable]: `addons/GAS_Engine/abilities/costs/gameplay_resolved_cost_entry.gd:1-24:<file>` <-> `addons/GAS_Engine/targeting/gameplay_overlap_request_2d.gd:1-44:<file>`
- 0.875 [executable]: `addons/GAS_Engine/abilities/costs/gameplay_resolved_cost_entry.gd:1-24:<file>` <-> `addons/GAS_Engine/targeting/gameplay_overlap_request_3d.gd:1-42:<file>`
- 0.875 [executable]: `addons/GAS_Engine/abilities/gameplay_ability.gd:371-383:apply_cooldown` <-> `test/unit/test_authoring_friction.gd:65-73:_scripts_in`
- 0.875 [executable]: `addons/GAS_Engine/abilities/tasks/ability_task_play_animation_and_wait.gd:141-149:_end_with` <-> `addons/GAS_Engine/editor/composer/composer_flow_anchors.gd:105-112:edge_in`
- 0.857 [executable]: `addons/GAS_Engine/abilities/costs/gameplay_ability_cost.gd:1-41:<file>` <-> `addons/GAS_Engine/effects/gameplay_attribute_capture_definition.gd:1-39:<file>`
- 0.857 [executable]: `addons/GAS_Engine/abilities/costs/gameplay_resolved_cost_entry.gd:1-24:<file>` <-> `addons/GAS_Engine/cooldowns/ability_cooldown_state.gd:1-31:<file>`
- 0.846 [executable]: `addons/GAS_Engine/abilities/ability_tag_semantics_runtime.gd:75-83:cancel_with_tags` <-> `addons/GAS_Engine/abilities/tasks/ability_task_wait_ability_ended.gd:50-62:_on_ended`
- 0.846 [executable]: `addons/GAS_Engine/abilities/ability_tag_semantics_runtime.gd:75-83:cancel_with_tags` <-> `addons/GAS_Engine/editor/composer/composer_value_editor.gd:352-362:_swatch`
- 0.846 [executable]: `addons/GAS_Engine/abilities/ability_tag_semantics_runtime.gd:75-83:cancel_with_tags` <-> `addons/GAS_Engine/effects/gameplay_effect_stacking_runtime.gd:278-286:_evaluate_at`
- 0.846 [executable]: `addons/GAS_Engine/abilities/tasks/ability_task_network_sync_point.gd:56-67:create` <-> `addons/GAS_Engine/editor/composer/ir/composer_ir.gd:170-180:_statement_event`
- 0.846 [executable]: `addons/GAS_Engine/abilities/tasks/ability_task_network_sync_point.gd:56-67:create` <-> `test/unit/test_composer_pin_gestures.gd:51-58:_click`
- 0.842 [executable]: `addons/GAS_Engine/abilities/ability_commit_contract.gd:120-129:unique_cooldowns` <-> `addons/GAS_Engine/editor/composer/composer_flow.gd:96-106:predecessors_of`
- 0.833 [executable]: `addons/GAS_Engine/abilities/ability_tag_semantics_runtime.gd:62-69:cancel_matching_query` <-> `addons/GAS_Engine/editor/composer/composer_flow_builder.gd:344-358:_connect_all`
- 0.833 [executable]: `addons/GAS_Engine/abilities/gameplay_ability.gd:348-366:check_cooldown` <-> `addons/GAS_Engine/effects/components/gameplay_effect_grant_abilities_component.gd:82-99:on_effect_applied`
- 0.833 [executable]: `addons/GAS_Engine/abilities/gameplay_ability_event_trigger.gd:19-26:for_tag` <-> `addons/GAS_Engine/abilities/tasks/ability_task_network_sync_point.gd:56-67:create`
- 0.833 [executable]: `addons/GAS_Engine/abilities/gameplay_ability_event_trigger.gd:19-26:for_tag` <-> `addons/GAS_Engine/editor/composer/ir/composer_ir.gd:170-180:_statement_event`
- 0.833 [executable]: `addons/GAS_Engine/abilities/gameplay_ability_event_trigger.gd:19-26:for_tag` <-> `addons/GAS_Engine/effects/gameplay_effect_application_result.gd:51-62:failure`
- 0.833 [executable]: `addons/GAS_Engine/abilities/gameplay_ability_event_trigger.gd:19-26:for_tag` <-> `test/unit/test_composer_layout.gd:45-53:_data_only`
- 0.833 [executable]: `addons/GAS_Engine/abilities/gameplay_ability_event_trigger.gd:19-26:for_tag` <-> `test/unit/test_targeting_2d.gd:110-117:_sweep`
- 0.833 [executable]: `addons/GAS_Engine/abilities/gameplay_ability_event_trigger.gd:19-26:for_tag` <-> `test/unit/test_targeting_3d.gd:109-116:_sweep`
- 0.833 [executable]: `addons/GAS_Engine/abilities/tasks/ability_task_move_to.gd:90-100:_place` <-> `addons/GAS_Engine/animation/gameplay_animation_surface.gd:32-42:of`
- 0.833 [executable]: `addons/GAS_Engine/abilities/tasks/ability_task_network_sync_point.gd:56-67:create` <-> `addons/GAS_Engine/abilities/tasks/ability_task_play_animation_and_wait.gd:55-66:create`
- 0.833 [executable]: `addons/GAS_Engine/abilities/tasks/ability_task_network_sync_point.gd:56-67:create` <-> `addons/GAS_Engine/abilities/tasks/ability_task_root_motion.gd:36-44:create`
- 0.833 [executable]: `addons/GAS_Engine/abilities/tasks/ability_task_network_sync_point.gd:56-67:create` <-> `addons/GAS_Engine/editor/composer/composer_validator.gd:226-238:_at`
- 0.833 [executable]: `addons/GAS_Engine/abilities/tasks/ability_task_network_sync_point.gd:56-67:create` <-> `test/fixtures/test_effect_factory.gd:298-305:conditional_effect`
- 0.833 [executable]: `addons/GAS_Engine/abilities/tasks/ability_task_network_sync_point.gd:56-67:create` <-> `test/fixtures/test_effect_factory.gd:96-104:turn_based`
- 0.833 [executable]: `addons/GAS_Engine/abilities/tasks/ability_task_network_sync_point.gd:56-67:create` <-> `test/unit/test_attribute_evaluation.gd:58-65:_request`
- 0.833 [executable]: `addons/GAS_Engine/abilities/tasks/ability_task_network_sync_point.gd:56-67:create` <-> `test/unit/test_composer_creation.gd:46-58:_context`
- 0.833 [executable]: `addons/GAS_Engine/abilities/tasks/ability_task_network_sync_point.gd:56-67:create` <-> `test/unit/test_gameplay_ability_cost_resolver.gd:42-51:_percent_of_current`
- 0.833 [executable]: `addons/GAS_Engine/abilities/tasks/ability_task_network_sync_point.gd:56-67:create` <-> `test/unit/test_quest_system_bridge.gd:71-78:_binding`
- 0.833 [executable]: `addons/GAS_Engine/abilities/tasks/ability_task_network_sync_point.gd:56-67:create` <-> `test/unit/test_refusal_statuses.gd:37-44:_cost`
- 0.833 [executable]: `addons/GAS_Engine/abilities/tasks/ability_task_play_animation_and_wait.gd:55-66:create` <-> `addons/GAS_Engine/editor/composer/ir/composer_ir.gd:170-180:_statement_event`
- 0.833 [executable]: `addons/GAS_Engine/abilities/tasks/ability_task_play_animation_and_wait.gd:55-66:create` <-> `addons/GAS_Engine/effects/gameplay_effect_application_result.gd:51-62:failure`
- 0.833 [executable]: `addons/GAS_Engine/abilities/tasks/ability_task_play_animation_and_wait.gd:55-66:create` <-> `test/unit/test_targeting_2d.gd:110-117:_sweep`
- 0.833 [executable]: `addons/GAS_Engine/abilities/tasks/ability_task_play_animation_and_wait.gd:55-66:create` <-> `test/unit/test_targeting_3d.gd:109-116:_sweep`
- 0.833 [executable]: `addons/GAS_Engine/abilities/tasks/ability_task_root_motion.gd:36-44:create` <-> `addons/GAS_Engine/editor/composer/ir/composer_ir.gd:170-180:_statement_event`
- 0.833 [executable]: `addons/GAS_Engine/abilities/tasks/ability_task_root_motion.gd:36-44:create` <-> `addons/GAS_Engine/effects/gameplay_effect_application_result.gd:51-62:failure`
- 0.833 [executable]: `addons/GAS_Engine/abilities/tasks/ability_task_root_motion.gd:36-44:create` <-> `test/unit/test_targeting_2d.gd:110-117:_sweep`
- 0.833 [executable]: `addons/GAS_Engine/abilities/tasks/ability_task_root_motion.gd:36-44:create` <-> `test/unit/test_targeting_3d.gd:109-116:_sweep`
- 0.826 [executable]: `addons/GAS_Engine/abilities/ability_instancing_runtime.gd:46-63:instance_for_activation` <-> `addons/GAS_Engine/magnitudes/gameplay_set_by_caller_magnitude.gd:21-30:resolve`
- 0.826 [executable]: `addons/GAS_Engine/abilities/ability_instancing_runtime.gd:93-103:mark_pending_removal` <-> `addons/GAS_Engine/effects/gameplay_effect_evaluator.gd:210-225:_stage_execution_writes`
- 0.824 [executable]: `addons/GAS_Engine/abilities/ability_tag_semantics_runtime.gd:127-134:set_activation_owned_tags` <-> `addons/GAS_Engine/effects/gameplay_effect_chain_runtime.gd:55-63:fire_from_execution`
- 0.824 [executable]: `addons/GAS_Engine/abilities/tasks/ability_task_play_animation_and_wait.gd:141-149:_end_with` <-> `addons/GAS_Engine/components/ability_runtime.gd:186-197:remove_ability`
- 0.821 [executable]: `addons/GAS_Engine/abilities/ability_activation_policy_runtime.gd:145-157:active_requirements_error` <-> `addons/GAS_Engine/editor/composer/composer_canvas_gestures.gd:64-77:read_pin`
- 0.818 [executable]: `addons/GAS_Engine/abilities/gameplay_ability_event_trigger.gd:19-26:for_tag` <-> `addons/GAS_Engine/editor/composer/composer_validator.gd:199-213:_gap`
- 0.818 [executable]: `addons/GAS_Engine/abilities/gameplay_ability_event_trigger.gd:19-26:for_tag` <-> `test/unit/test_target_data.gd:49-57:_space_cases`
- 0.818 [executable]: `addons/GAS_Engine/abilities/tasks/ability_task_move_to.gd:43-51:_towards` <-> `test/fixtures/test_effect_factory.gd:392-403:capture_definition`
- 0.818 [executable]: `addons/GAS_Engine/abilities/tasks/ability_task_move_to.gd:43-51:_towards` <-> `test/unit/test_gameplay_effect_components.gd:185-194:_refusal_stage_cases`
- 0.818 [executable]: `addons/GAS_Engine/abilities/tasks/ability_task_move_to.gd:43-51:_towards` <-> `test/unit/test_typed_execution_output.gd:132-139:_evaluate`
- 0.818 [executable]: `addons/GAS_Engine/abilities/tasks/ability_task_move_to.gd:43-51:_towards` <-> `test/unit/test_typed_execution_output.gd:80-92:_write`
- 0.818 [executable]: `addons/GAS_Engine/abilities/tasks/ability_task_play_animation_and_wait.gd:55-66:create` <-> `test/unit/test_target_data.gd:49-57:_space_cases`
- 0.818 [executable]: `addons/GAS_Engine/abilities/tasks/ability_task_play_animation_and_wait.gd:69-78:_on_start` <-> `addons/GAS_Engine/effects/gameplay_effect_runtime.gd:349-361:remove`
- 0.818 [executable]: `addons/GAS_Engine/abilities/tasks/ability_task_repeat.gd:28-35:create` <-> `addons/GAS_Engine/abilities/tasks/ability_task_spawn_actor.gd:39-46:create`
- 0.818 [executable]: `addons/GAS_Engine/abilities/tasks/ability_task_repeat.gd:28-35:create` <-> `addons/GAS_Engine/abilities/tasks/ability_task_wait_state.gd:31-38:create`
- 0.818 [executable]: `addons/GAS_Engine/abilities/tasks/ability_task_repeat.gd:28-35:create` <-> `test/fixtures/test_effect_factory.gd:15-22:modifier`
- 0.818 [executable]: `addons/GAS_Engine/abilities/tasks/ability_task_repeat.gd:28-35:create` <-> `test/fixtures/test_effect_factory.gd:257-266:stacked`
- 0.818 [executable]: `addons/GAS_Engine/abilities/tasks/ability_task_repeat.gd:28-35:create` <-> `test/fixtures/test_effect_factory.gd:269-278:with_overflow_effects`
- 0.818 [executable]: `addons/GAS_Engine/abilities/tasks/ability_task_root_motion.gd:36-44:create` <-> `test/unit/test_target_data.gd:49-57:_space_cases`
- 0.818 [executable]: `addons/GAS_Engine/abilities/tasks/ability_task_spawn_actor.gd:39-46:create` <-> `test/fixtures/test_effect_factory.gd:392-403:capture_definition`
- 0.818 [executable]: `addons/GAS_Engine/abilities/tasks/ability_task_spawn_actor.gd:39-46:create` <-> `test/unit/test_gameplay_effect_components.gd:185-194:_refusal_stage_cases`
- 0.818 [executable]: `addons/GAS_Engine/abilities/tasks/ability_task_spawn_actor.gd:39-46:create` <-> `test/unit/test_typed_execution_output.gd:132-139:_evaluate`
- 0.818 [executable]: `addons/GAS_Engine/abilities/tasks/ability_task_spawn_actor.gd:39-46:create` <-> `test/unit/test_typed_execution_output.gd:80-92:_write`
- 0.812 [executable]: `addons/GAS_Engine/abilities/gameplay_ability.gd:388-399:apply_cost` <-> `addons/GAS_Engine/networking/gameplay_prediction_operation.gd:121-128:_take_off_the_effect`
- 0.812 [executable]: `addons/GAS_Engine/abilities/gameplay_ability.gd:547-554:execute_cue` <-> `addons/GAS_Engine/targeting/gameplay_targeting_service.gd:23-37:raycast_2d`
- 0.812 [executable]: `addons/GAS_Engine/abilities/gameplay_ability.gd:547-554:execute_cue` <-> `addons/GAS_Engine/targeting/gameplay_targeting_service.gd:41-55:raycast_3d`
- 0.812 [executable]: `addons/GAS_Engine/abilities/tasks/ability_task_network_sync_point.gd:97-106:_on_answered` <-> `addons/GAS_Engine/integrations/gloot/gloot_gas_bridge.gd:210-218:_withdraw`
- 0.812 [executable]: `addons/GAS_Engine/abilities/tasks/ability_task_wait_ability_activated.gd:20-27:create` <-> `addons/GAS_Engine/abilities/tasks/ability_task_wait_effect_blocked_by_immunity.gd:18-26:create`
- 0.810 [executable]: `addons/GAS_Engine/abilities/ability_instancing_runtime.gd:93-103:mark_pending_removal` <-> `addons/GAS_Engine/editor/composer/composer_statement_factory.gd:56-67:arguments`
- 0.810 [executable]: `addons/GAS_Engine/abilities/tasks/ability_task_play_animation_and_wait.gd:69-78:_on_start` <-> `addons/GAS_Engine/gas_engine_plugin.gd:293-306:_open_composer`
- 0.808 [executable]: `addons/GAS_Engine/abilities/tasks/ability_task_move_to.gd:90-100:_place` <-> `addons/GAS_Engine/animation/gameplay_animation_ownership.gd:46-57:claim`
- 0.800 [executable]: `addons/GAS_Engine/abilities/ability_instancing_runtime.gd:93-103:mark_pending_removal` <-> `test/unit/test_authoring_friction.gd:65-73:_scripts_in`
- 0.800 [executable]: `addons/GAS_Engine/abilities/ability_tag_semantics_runtime.gd:75-83:cancel_with_tags` <-> `addons/GAS_Engine/effects/gameplay_effect_spec.gd:554-565:resolve_authored_timing`
- 0.800 [executable]: `addons/GAS_Engine/abilities/gameplay_ability.gd:371-383:apply_cooldown` <-> `addons/GAS_Engine/editor/composer/composer_validator.gd:53-69:inspect`
- 0.800 [executable]: `addons/GAS_Engine/abilities/gameplay_ability.gd:371-383:apply_cooldown` <-> `addons/GAS_Engine/networking/gameplay_prediction_journal.gd:78-85:reject`
- 0.800 [executable]: `addons/GAS_Engine/abilities/gameplay_ability.gd:547-554:execute_cue` <-> `addons/GAS_Engine/editor/composer/ir/composer_ir.gd:236-245:_note_async_exit`
- 0.800 [executable]: `addons/GAS_Engine/abilities/gameplay_ability.gd:547-554:execute_cue` <-> `addons/GAS_Engine/managers/gameplay_cue_manager.gd:113-122:activate_persistent_cue`
- 0.800 [executable]: `addons/GAS_Engine/abilities/gameplay_ability_definition_snapshot.gd:68-76:_duplicate_resource_array` <-> `addons/GAS_Engine/networking/gameplay_prediction_journal.gd:78-85:reject`
- 0.800 [executable]: `addons/GAS_Engine/abilities/gameplay_ability_event_trigger.gd:19-26:for_tag` <-> `addons/GAS_Engine/abilities/tasks/ability_task_wait_confirm_cancel.gd:24-31:create`
- 0.800 [executable]: `addons/GAS_Engine/abilities/gameplay_ability_event_trigger.gd:19-26:for_tag` <-> `addons/GAS_Engine/editor/composer/composer_reader.gd:433-440:port`
- 0.800 [executable]: `addons/GAS_Engine/abilities/gameplay_ability_event_trigger.gd:19-26:for_tag` <-> `addons/GAS_Engine/effects/components/gameplay_effect_component_validation_result.gd:28-35:invalid`
- 0.800 [executable]: `addons/GAS_Engine/abilities/gameplay_ability_event_trigger.gd:19-26:for_tag` <-> `test/fixtures/test_effect_factory.gd:288-295:with_stack_clock_policies`
- 0.800 [executable]: `addons/GAS_Engine/abilities/gameplay_ability_event_trigger.gd:19-26:for_tag` <-> `test/fixtures/test_effect_factory.gd:61-68:duration`
- 0.800 [executable]: `addons/GAS_Engine/abilities/gameplay_ability_event_trigger.gd:19-26:for_tag` <-> `test/unit/test_composer_action_menu.gd:19-28:_context`
- 0.800 [executable]: `addons/GAS_Engine/abilities/prepared_ability_grant.gd:1-27:<file>` <-> `addons/GAS_Engine/attributes/attribute_modifier_contribution.gd:1-35:<file>`
- 0.800 [executable]: `addons/GAS_Engine/abilities/tasks/ability_task_factory.gd:108-118:wait_gameplay_effect_applied` <-> `addons/GAS_Engine/abilities/tasks/ability_task_factory.gd:227-235:play_animation_and_wait`
- 0.800 [executable]: `addons/GAS_Engine/abilities/tasks/ability_task_factory.gd:227-235:play_animation_and_wait` <-> `addons/GAS_Engine/abilities/tasks/ability_task_factory.gd:288-297:network_sync_point`
- 0.800 [executable]: `addons/GAS_Engine/abilities/tasks/ability_task_network_sync_point.gd:56-67:create` <-> `addons/GAS_Engine/abilities/tasks/ability_task_wait_attribute_threshold.gd:29-43:create`
- 0.800 [executable]: `addons/GAS_Engine/abilities/tasks/ability_task_network_sync_point.gd:56-67:create` <-> `addons/GAS_Engine/effects/gameplay_effect_runtime.gd:232-243:evaluate_spec`
- 0.800 [executable]: `addons/GAS_Engine/abilities/tasks/ability_task_play_animation_and_wait.gd:55-66:create` <-> `addons/GAS_Engine/abilities/tasks/ability_task_wait_confirm_cancel.gd:24-31:create`
- 0.800 [executable]: `addons/GAS_Engine/abilities/tasks/ability_task_play_animation_and_wait.gd:55-66:create` <-> `addons/GAS_Engine/editor/composer/composer_reader.gd:433-440:port`
- 0.800 [executable]: `addons/GAS_Engine/abilities/tasks/ability_task_play_animation_and_wait.gd:55-66:create` <-> `addons/GAS_Engine/effects/components/gameplay_effect_component_validation_result.gd:28-35:invalid`
- 0.800 [executable]: `addons/GAS_Engine/abilities/tasks/ability_task_play_animation_and_wait.gd:55-66:create` <-> `test/fixtures/test_effect_factory.gd:288-295:with_stack_clock_policies`
- 0.800 [executable]: `addons/GAS_Engine/abilities/tasks/ability_task_play_animation_and_wait.gd:55-66:create` <-> `test/fixtures/test_effect_factory.gd:61-68:duration`
- 0.800 [executable]: `addons/GAS_Engine/abilities/tasks/ability_task_play_animation_and_wait.gd:55-66:create` <-> `test/unit/test_composer_action_menu.gd:19-28:_context`
- 0.800 [executable]: `addons/GAS_Engine/abilities/tasks/ability_task_root_motion.gd:36-44:create` <-> `addons/GAS_Engine/abilities/tasks/ability_task_wait_confirm_cancel.gd:24-31:create`
- 0.800 [executable]: `addons/GAS_Engine/abilities/tasks/ability_task_root_motion.gd:36-44:create` <-> `addons/GAS_Engine/editor/composer/composer_reader.gd:433-440:port`
- 0.800 [executable]: `addons/GAS_Engine/abilities/tasks/ability_task_root_motion.gd:36-44:create` <-> `addons/GAS_Engine/effects/components/gameplay_effect_component_validation_result.gd:28-35:invalid`
- 0.800 [executable]: `addons/GAS_Engine/abilities/tasks/ability_task_root_motion.gd:36-44:create` <-> `test/fixtures/test_effect_factory.gd:288-295:with_stack_clock_policies`
- 0.800 [executable]: `addons/GAS_Engine/abilities/tasks/ability_task_root_motion.gd:36-44:create` <-> `test/fixtures/test_effect_factory.gd:61-68:duration`
- 0.800 [executable]: `addons/GAS_Engine/abilities/tasks/ability_task_root_motion.gd:36-44:create` <-> `test/unit/test_composer_action_menu.gd:19-28:_context`
- 0.800 [executable]: `addons/GAS_Engine/abilities/tasks/ability_task_wait_ability_activated.gd:20-27:create` <-> `addons/GAS_Engine/effects/gameplay_effect_component_runtime.gd:21-29:build_request`
- 0.792 [executable]: `addons/GAS_Engine/abilities/ability_cooldown_runtime.gd:19-29:get_cooldown_tags` <-> `addons/GAS_Engine/components/ability_runtime.gd:504-516:_deliver_input`
- 0.792 [executable]: `addons/GAS_Engine/abilities/ability_instancing_runtime.gd:93-103:mark_pending_removal` <-> `addons/GAS_Engine/editor/composer/composer_flow_checks.gd:122-132:runs_forward`
- 0.792 [executable]: `addons/GAS_Engine/abilities/ability_tag_semantics_runtime.gd:62-69:cancel_matching_query` <-> `addons/GAS_Engine/effects/gameplay_effect_component_runtime.gd:48-57:can_apply_all`
- 0.792 [executable]: `addons/GAS_Engine/abilities/ability_tag_semantics_runtime.gd:62-69:cancel_matching_query` <-> `addons/GAS_Engine/integrations/quest_system/quest_system_gas_bridge.gd:235-245:_on_gameplay_event`
- 0.789 [executable]: `addons/GAS_Engine/abilities/ability_tag_semantics_runtime.gd:113-120:cancel_conflicting_abilities` <-> `addons/GAS_Engine/abilities/tasks/ability_task_play_animation_and_wait.gd:141-149:_end_with`
- 0.789 [executable]: `addons/GAS_Engine/abilities/tasks/ability_task_runtime.gd:26-39:register` <-> `addons/GAS_Engine/editor/composer/composer_action_menu.gd:79-90:_fits`
- 0.789 [executable]: `addons/GAS_Engine/abilities/tasks/ability_task_spawn_actor.gd:49-57:_on_start` <-> `addons/GAS_Engine/components/ability_system_component.gd:447-455:execute_cue`
- 0.789 [executable]: `addons/GAS_Engine/abilities/tasks/ability_task_wait_ability_activated.gd:20-27:create` <-> `addons/GAS_Engine/abilities/tasks/ability_task_wait_gameplay_effect_applied.gd:29-42:create`
- 0.786 [executable]: `addons/GAS_Engine/abilities/ability_activation_policy_runtime.gd:125-137:_reevaluate_one_spec` <-> `addons/GAS_Engine/effects/components/gameplay_effect_grant_abilities_component.gd:24-35:prepare_application`
- 0.786 [executable]: `addons/GAS_Engine/abilities/ability_activation_policy_runtime.gd:145-157:active_requirements_error` <-> `addons/GAS_Engine/targeting/gameplay_target_filter.gd:36-49:accepts`
- 0.786 [executable]: `addons/GAS_Engine/abilities/ability_tag_semantics_runtime.gd:21-28:effective_ability_tags` <-> `addons/GAS_Engine/networking/gameplay_prediction_operation.gd:121-128:_take_off_the_effect`
- 0.786 [executable]: `addons/GAS_Engine/abilities/ability_tag_semantics_runtime.gd:75-83:cancel_with_tags` <-> `addons/GAS_Engine/abilities/gameplay_ability.gd:547-554:execute_cue`
- 0.786 [executable]: `addons/GAS_Engine/abilities/gameplay_ability.gd:371-383:apply_cooldown` <-> `addons/GAS_Engine/editor/composer/composer_canvas.gd:340-347:picked`
- 0.786 [executable]: `addons/GAS_Engine/abilities/gameplay_ability.gd:547-554:execute_cue` <-> `addons/GAS_Engine/abilities/tasks/ability_task_wait_ability_ended.gd:50-62:_on_ended`
- 0.786 [executable]: `addons/GAS_Engine/abilities/gameplay_ability_definition_snapshot.gd:68-76:_duplicate_resource_array` <-> `addons/GAS_Engine/editor/composer/composer_canvas.gd:340-347:picked`
- 0.786 [executable]: `addons/GAS_Engine/abilities/tasks/ability_task_network_sync_point.gd:56-67:create` <-> `test/unit/test_handle_facade.gd:54-63:_blocked_while_silenced`
- 0.783 [executable]: `addons/GAS_Engine/abilities/ability_instancing_runtime.gd:46-63:instance_for_activation` <-> `addons/GAS_Engine/effects/gameplay_effect_chain_runtime.gd:30-43:fire_on_removal`
- 0.783 [executable]: `addons/GAS_Engine/abilities/ability_instancing_runtime.gd:93-103:mark_pending_removal` <-> `addons/GAS_Engine/integrations/quest_system/quest_system_gas_bridge.gd:136-149:_bindings_are_valid`
- 0.783 [executable]: `addons/GAS_Engine/abilities/ability_lifecycle_runtime.gd:140-157:give_and_activate_once` <-> `addons/GAS_Engine/networking/gameplay_net_replication.gd:192-205:_read`
- 0.783 [executable]: `addons/GAS_Engine/abilities/tasks/ability_task_runtime.gd:26-39:register` <-> `addons/GAS_Engine/editor/composer/composer_document.gd:78-94:commit`

## Scan Issues

- None

--- stderr ---

