RESULT: PASS
stage:      magic-string
command:    python tooling\gates\run_gate.py magic-string artifacts\gates\aud_batch1
started:    2026-09-13T01:22:41.8269673Z
ended:      2026-09-13T01:22:51.2244756Z
duration_s: 9.398
exit_code:  0

--- stdout ---
# Magic String Gate

- Status: **PASS**
- Project: `<repo>`
- Source files scanned: 430
- Blocking findings: 0
- Scan issues: 0
- Blocking kinds: colors, repeated, templates
- Configured exclusions: addons/gut/**, docs/**

## Repeated Literals

- None

## Repeated Templates

- None

## Hard-coded Colors

- None

## Scan Issues

- None

--- stderr ---

