RESULT: PASS
stage:      magic-string
command:    python tooling\gates\run_gate.py magic-string artifacts\gates\aud_batch3
started:    2026-09-13T01:59:02.2155034Z
ended:      2026-09-13T01:59:12.1802930Z
duration_s: 9.965
exit_code:  0

--- stdout ---
# Magic String Gate

- Status: **PASS**
- Project: `<repo>`
- Source files scanned: 430
- Blocking findings: 0
- Scan issues: 0
- Blocking kinds: colors, repeated, templates
- Configured exclusions: addons/gut/**, docs/**

## Repeated Literals

- None

## Repeated Templates

- None

## Hard-coded Colors

- None

## Scan Issues

- None

--- stderr ---

